Archive member included to satisfy reference by file (symbol)

D:/STM32CubeIDE_2.0.0/STM32CubeIDE/plugins/com.st.stm32cube.ide.mcu.externaltools.gnu-tools-for-stm32.13.3.rel1.win32_1.0.100.202509120712/tools/bin/../lib/gcc/arm-none-eabi/13.3.1/../../../../arm-none-eabi/lib/thumb/v7-m/nofp\libc_nano.a(libc_a-exit.o)
                              D:/STM32CubeIDE_2.0.0/STM32CubeIDE/plugins/com.st.stm32cube.ide.mcu.externaltools.gnu-tools-for-stm32.13.3.rel1.win32_1.0.100.202509120712/tools/bin/../lib/gcc/arm-none-eabi/13.3.1/../../../../arm-none-eabi/lib/thumb/v7-m/nofp/crt0.o (exit)
D:/STM32CubeIDE_2.0.0/STM32CubeIDE/plugins/com.st.stm32cube.ide.mcu.externaltools.gnu-tools-for-stm32.13.3.rel1.win32_1.0.100.202509120712/tools/bin/../lib/gcc/arm-none-eabi/13.3.1/../../../../arm-none-eabi/lib/thumb/v7-m/nofp\libc_nano.a(libc_a-rand.o)
                              ./Core/Src/freertos.o (rand)
D:/STM32CubeIDE_2.0.0/STM32CubeIDE/plugins/com.st.stm32cube.ide.mcu.externaltools.gnu-tools-for-stm32.13.3.rel1.win32_1.0.100.202509120712/tools/bin/../lib/gcc/arm-none-eabi/13.3.1/../../../../arm-none-eabi/lib/thumb/v7-m/nofp\libc_nano.a(libc_a-nano-vfprintf_float.o)
                              (_printf_float)
D:/STM32CubeIDE_2.0.0/STM32CubeIDE/plugins/com.st.stm32cube.ide.mcu.externaltools.gnu-tools-for-stm32.13.3.rel1.win32_1.0.100.202509120712/tools/bin/../lib/gcc/arm-none-eabi/13.3.1/../../../../arm-none-eabi/lib/thumb/v7-m/nofp\libc_nano.a(libc_a-nano-vfprintf_i.o)
                              D:/STM32CubeIDE_2.0.0/STM32CubeIDE/plugins/com.st.stm32cube.ide.mcu.externaltools.gnu-tools-for-stm32.13.3.rel1.win32_1.0.100.202509120712/tools/bin/../lib/gcc/arm-none-eabi/13.3.1/../../../../arm-none-eabi/lib/thumb/v7-m/nofp\libc_nano.a(libc_a-nano-vfprintf_float.o) (_printf_common)
D:/STM32CubeIDE_2.0.0/STM32CubeIDE/plugins/com.st.stm32cube.ide.mcu.externaltools.gnu-tools-for-stm32.13.3.rel1.win32_1.0.100.202509120712/tools/bin/../lib/gcc/arm-none-eabi/13.3.1/../../../../arm-none-eabi/lib/thumb/v7-m/nofp\libc_nano.a(libc_a-nano-vfscanf_float.o)
                              (_scanf_float)
D:/STM32CubeIDE_2.0.0/STM32CubeIDE/plugins/com.st.stm32cube.ide.mcu.externaltools.gnu-tools-for-stm32.13.3.rel1.win32_1.0.100.202509120712/tools/bin/../lib/gcc/arm-none-eabi/13.3.1/../../../../arm-none-eabi/lib/thumb/v7-m/nofp\libc_nano.a(libc_a-findfp.o)
                              ./Middlewares/Third_Party/FreeRTOS/Source/tasks.o (__sf)
D:/STM32CubeIDE_2.0.0/STM32CubeIDE/plugins/com.st.stm32cube.ide.mcu.externaltools.gnu-tools-for-stm32.13.3.rel1.win32_1.0.100.202509120712/tools/bin/../lib/gcc/arm-none-eabi/13.3.1/../../../../arm-none-eabi/lib/thumb/v7-m/nofp\libc_nano.a(libc_a-fwalk.o)
                              D:/STM32CubeIDE_2.0.0/STM32CubeIDE/plugins/com.st.stm32cube.ide.mcu.externaltools.gnu-tools-for-stm32.13.3.rel1.win32_1.0.100.202509120712/tools/bin/../lib/gcc/arm-none-eabi/13.3.1/../../../../arm-none-eabi/lib/thumb/v7-m/nofp\libc_nano.a(libc_a-findfp.o) (_fwalk_sglue)
D:/STM32CubeIDE_2.0.0/STM32CubeIDE/plugins/com.st.stm32cube.ide.mcu.externaltools.gnu-tools-for-stm32.13.3.rel1.win32_1.0.100.202509120712/tools/bin/../lib/gcc/arm-none-eabi/13.3.1/../../../../arm-none-eabi/lib/thumb/v7-m/nofp\libc_nano.a(libc_a-snprintf.o)
                              ./Core/Src/freertos.o (snprintf)
D:/STM32CubeIDE_2.0.0/STM32CubeIDE/plugins/com.st.stm32cube.ide.mcu.externaltools.gnu-tools-for-stm32.13.3.rel1.win32_1.0.100.202509120712/tools/bin/../lib/gcc/arm-none-eabi/13.3.1/../../../../arm-none-eabi/lib/thumb/v7-m/nofp\libc_nano.a(libc_a-sprintf.o)
                              ./Core/Src/freertos.o (sprintf)
D:/STM32CubeIDE_2.0.0/STM32CubeIDE/plugins/com.st.stm32cube.ide.mcu.externaltools.gnu-tools-for-stm32.13.3.rel1.win32_1.0.100.202509120712/tools/bin/../lib/gcc/arm-none-eabi/13.3.1/../../../../arm-none-eabi/lib/thumb/v7-m/nofp\libc_nano.a(libc_a-sscanf.o)
                              ./Core/Src/freertos.o (sscanf)
D:/STM32CubeIDE_2.0.0/STM32CubeIDE/plugins/com.st.stm32cube.ide.mcu.externaltools.gnu-tools-for-stm32.13.3.rel1.win32_1.0.100.202509120712/tools/bin/../lib/gcc/arm-none-eabi/13.3.1/../../../../arm-none-eabi/lib/thumb/v7-m/nofp\libc_nano.a(libc_a-stdio.o)
                              D:/STM32CubeIDE_2.0.0/STM32CubeIDE/plugins/com.st.stm32cube.ide.mcu.externaltools.gnu-tools-for-stm32.13.3.rel1.win32_1.0.100.202509120712/tools/bin/../lib/gcc/arm-none-eabi/13.3.1/../../../../arm-none-eabi/lib/thumb/v7-m/nofp\libc_nano.a(libc_a-findfp.o) (__sread)
D:/STM32CubeIDE_2.0.0/STM32CubeIDE/plugins/com.st.stm32cube.ide.mcu.externaltools.gnu-tools-for-stm32.13.3.rel1.win32_1.0.100.202509120712/tools/bin/../lib/gcc/arm-none-eabi/13.3.1/../../../../arm-none-eabi/lib/thumb/v7-m/nofp\libc_nano.a(libc_a-memset.o)
[...]
Memory Configuration

Name             Origin             Length             Attributes
RAM              0x20000000         0x00005000         xrw
FLASH            0x08000000         0x00020000         xr
*default*        0x00000000         0xffffffff

Linker script and memory map

LOAD D:/STM32CubeIDE_2.0.0/STM32CubeIDE/plugins/com.st.stm32cube.ide.mcu.externaltools.gnu-tools-for-stm32.13.3.rel1.win32_1.0.100.202509120712/tools/bin/../lib/gcc/arm-none-eabi/13.3.1/thumb/v7-m/nofp/crti.o
LOAD D:/STM32CubeIDE_2.0.0/STM32CubeIDE/plugins/com.st.stm32cube.ide.mcu.externaltools.gnu-tools-for-stm32.13.3.rel1.win32_1.0.100.202509120712/tools/bin/../lib/gcc/arm-none-eabi/13.3.1/thumb/v7-m/nofp/crtbegin.o
LOAD D:/STM32CubeIDE_2.0.0/STM32CubeIDE/plugins/com.st.stm32cube.ide.mcu.externaltools.gnu-tools-for-stm32.13.3.rel1.win32_1.0.100.202509120712/tools/bin/../lib/gcc/arm-none-eabi/13.3.1/../../../../arm-none-eabi/lib/thumb/v7-m/nofp/crt0.o
LOAD ./Core/Src/adc.o
LOAD ./Core/Src/freertos.o
LOAD ./Core/Src/gpio.o
LOAD ./Core/Src/i2c.o
LOAD ./Core/Src/main.o
LOAD ./Core/Src/rtc.o
LOAD ./Core/Src/stm32f1xx_hal_msp.o
LOAD ./Core/Src/stm32f1xx_hal_timebase_tim.o
LOAD ./Core/Src/stm32f1xx_it.o
LOAD ./Core/Src/syscalls.o
LOAD ./Core/Src/sysmem.o
LOAD ./Core/Src/system_stm32f1xx.o
LOAD ./Core/Src/tim.o
LOAD ./Core/Src/usart.o
LOAD ./Core/Startup/startup_stm32f103cbtx.o
LOAD ./Drivers/STM32F1xx_HAL_Driver/Src/stm32f1xx_hal.o
LOAD ./Drivers/STM32F1xx_HAL_Driver/Src/stm32f1xx_hal_adc.o
LOAD ./Drivers/STM32F1xx_HAL_Driver/Src/stm32f1xx_hal_adc_ex.o
LOAD ./Drivers/STM32F1xx_HAL_Driver/Src/stm32f1xx_hal_cortex.o
LOAD ./Drivers/STM32F1xx_HAL_Driver/Src/stm32f1xx_hal_dma.o
LOAD ./Drivers/STM32F1xx_HAL_Driver/Src/stm32f1xx_hal_exti.o
LOAD ./Drivers/STM32F1xx_HAL_Driver/Src/stm32f1xx_hal_flash.o
LOAD ./Drivers/STM32F1xx_HAL_Driver/Src/stm32f1xx_hal_flash_ex.o
LOAD ./Drivers/STM32F1xx_HAL_Driver/Src/stm32f1xx_hal_gpio.o
LOAD ./Drivers/STM32F1xx_HAL_Driver/Src/stm32f1xx_hal_gpio_ex.o
LOAD ./Drivers/STM32F1xx_HAL_Driver/Src/stm32f1xx_hal_i2c.o
LOAD ./Drivers/STM32F1xx_HAL_Driver/Src/stm32f1xx_hal_pwr.o
LOAD ./Drivers/STM32F1xx_HAL_Driver/Src/stm32f1xx_hal_rcc.o
LOAD ./Drivers/STM32F1xx_HAL_Driver/Src/stm32f1xx_hal_rcc_ex.o
LOAD ./Drivers/STM32F1xx_HAL_Driver/Src/stm32f1xx_hal_rtc.o
LOAD ./Drivers/STM32F1xx_HAL_Driver/Src/stm32f1xx_hal_rtc_ex.o
LOAD ./Drivers/STM32F1xx_HAL_Driver/Src/stm32f1xx_hal_tim.o
LOAD ./Drivers/STM32F1xx_HAL_Driver/Src/stm32f1xx_hal_tim_ex.o
LOAD ./Drivers/STM32F1xx_HAL_Driver/Src/stm32f1xx_hal_uart.o
LOAD ./Middlewares/Third_Party/FreeRTOS/Source/CMSIS_RTOS_V2/cmsis_os2.o
LOAD ./Middlewares/Third_Party/FreeRTOS/Source/croutine.o
LOAD ./Middlewares/Third_Party/FreeRTOS/Source/event_groups.o
LOAD ./Middlewares/Third_Party/FreeRTOS/Source/list.o
LOAD ./Middlewares/Third_Party/FreeRTOS/Source/queue.o
LOAD ./Middlewares/Third_Party/FreeRTOS/Source/stream_buffer.o
LOAD ./Middlewares/Third_Party/FreeRTOS/Source/tasks.o
LOAD ./Middlewares/Third_Party/FreeRTOS/Source/timers.o
LOAD ./Middlewares/Third_Party/FreeRTOS/Source/portable/GCC/ARM_CM3/port.o
LOAD ./Middlewares/Third_Party/FreeRTOS/Source/portable/MemMang/heap_4.o
LOAD ./hardware/source/BMP280.o
LOAD ./hardware/source/DS18B20.o
LOAD ./hardware/source/MPU6050.o
LOAD ./hardware/source/MYIIC.o
LOAD ./hardware/source/OLED.o
LOAD ./hardware/source/clock.o
LOAD ./hardware/source/common.o
LOAD ./hardware/source/flash_storage.o
LOAD ./hardware/source/game.o
START GROUP
LOAD D:/STM32CubeIDE_2.0.0/STM32CubeIDE/plugins/com.st.stm32cube.ide.mcu.externaltools.gnu-tools-for-stm32.13.3.rel1.win32_1.0.100.202509120712/tools/bin/../lib/gcc/arm-none-eabi/13.3.1/../../../../arm-none-eabi/lib/thumb/v7-m/nofp\libc_nano.a
LOAD D:/STM32CubeIDE_2.0.0/STM32CubeIDE/plugins/com.st.stm32cube.ide.mcu.externaltools.gnu-tools-for-stm32.13.3.rel1.win32_1.0.100.202509120712/tools/bin/../lib/gcc/arm-none-eabi/13.3.1/../../../../arm-none-eabi/lib/thumb/v7-m/nofp\libm.a
END GROUP
START GROUP
LOAD D:/STM32CubeIDE_2.0.0/STM32CubeIDE/plugins/com.st.stm32cube.ide.mcu.externaltools.gnu-tools-for-stm32.13.3.rel1.win32_1.0.100.202509120712/tools/bin/../lib/gcc/arm-none-eabi/13.3.1/thumb/v7-m/nofp\libgcc.a
LOAD D:/STM32CubeIDE_2.0.0/STM32CubeIDE/plugins/com.st.stm32cube.ide.mcu.externaltools.gnu-tools-for-stm32.13.3.rel1.win32_1.0.100.202509120712/tools/bin/../lib/gcc/arm-none-eabi/13.3.1/../../../../arm-none-eabi/lib/thumb/v7-m/nofp\libc_nano.a
END GROUP
START GROUP
LOAD D:/STM32CubeIDE_2.0.0/STM32CubeIDE/plugins/com.st.stm32cube.ide.mcu.externaltools.gnu-tools-for-stm32.13.3.rel1.win32_1.0.100.202509120712/tools/bin/../lib/gcc/arm-none-eabi/13.3.1/thumb/v7-m/nofp\libgcc.a
LOAD D:/STM32CubeIDE_2.0.0/STM32CubeIDE/plugins/com.st.stm32cube.ide.mcu.externaltools.gnu-tools-for-stm32.13.3.rel1.win32_1.0.100.202509120712/tools/bin/../lib/gcc/arm-none-eabi/13.3.1/../../../../arm-none-eabi/lib/thumb/v7-m/nofp\libc_nano.a
LOAD D:/STM32CubeIDE_2.0.0/STM32CubeIDE/plugins/com.st.stm32cube.ide.mcu.externaltools.gnu-tools-for-stm32.13.3.rel1.win32_1.0.100.202509120712/tools/bin/../lib/gcc/arm-none-eabi/13.3.1/../../../../arm-none-eabi/lib/thumb/v7-m/nofp\libnosys.a
END GROUP
START GROUP
LOAD D:/STM32CubeIDE_2.0.0/STM32CubeIDE/plugins/com.st.stm32cube.ide.mcu.externaltools.gnu-tools-for-stm32.13.3.rel1.win32_1.0.100.202509120712/tools/bin/../lib/gcc/arm-none-eabi/13.3.1/thumb/v7-m/nofp\libgcc.a
LOAD D:/STM32CubeIDE_2.0.0/STM32CubeIDE/plugins/com.st.stm32cube.ide.mcu.externaltools.gnu-tools-for-stm32.13.3.rel1.win32_1.0.100.202509120712/tools/bin/../lib/gcc/arm-none-eabi/13.3.1/../../../../arm-none-eabi/lib/thumb/v7-m/nofp\libc_nano.a
LOAD D:/STM32CubeIDE_2.0.0/STM32CubeIDE/plugins/com.st.stm32cube.ide.mcu.externaltools.gnu-tools-for-stm32.13.3.rel1.win32_1.0.100.202509120712/tools/bin/../lib/gcc/arm-none-eabi/13.3.1/../../../../arm-none-eabi/lib/thumb/v7-m/nofp\libnosys.a
END GROUP
LOAD D:/STM32CubeIDE_2.0.0/STM32CubeIDE/plugins/com.st.stm32cube.ide.mcu.externaltools.gnu-tools-for-stm32.13.3.rel1.win32_1.0.100.202509120712/tools/bin/../lib/gcc/arm-none-eabi/13.3.1/thumb/v7-m/nofp/crtend.o
LOAD D:/STM32CubeIDE_2.0.0/STM32CubeIDE/plugins/com.st.stm32cube.ide.mcu.externaltools.gnu-tools-for-stm32.13.3.rel1.win32_1.0.100.202509120712/tools/bin/../lib/gcc/arm-none-eabi/13.3.1/thumb/v7-m/nofp/crtn.o
                0x20005000                        _estack = (ORIGIN (RAM) + LENGTH (RAM))
                0x00000200                        _Min_Heap_Size = 0x200
                0x00000400                        _Min_Stack_Size = 0x400

.isr_vector     0x08000000      0x10c
                0x08000000                        . = ALIGN (0x4)
 *(.isr_vector)
 .isr_vector    0x08000000      0x10c ./Core/Startup/startup_stm32f103cbtx.o
                0x08000000                g_pfnVectors
                0x0800010c                        . = ALIGN (0x4)

.text           0x08000110    0x14768
                0x08000110                        . = ALIGN (0x4)
 *(.text)
 .text          0x08000110       0x40 D:/STM32CubeIDE_2.0.0/STM32CubeIDE/plugins/com.st.stm32cube.ide.mcu.externaltools.gnu-tools-for-stm32.13.3.rel1.win32_1.0.100.202509120712/tools/bin/../lib/gcc/arm-none-eabi/13.3.1/thumb/v7-m/nofp/crtbegin.o
 .text          0x08000150       0x14 D:/STM32CubeIDE_2.0.0/STM32CubeIDE/plugins/com.st.stm32cube.ide.mcu.externaltools.gnu-tools-for-stm32.13.3.rel1.win32_1.0.100.202509120712/tools/bin/../lib/gcc/arm-none-eabi/13.3.1/../../../../arm-none-eabi/lib/thumb/v7-m/nofp\libc_nano.a(libc_a-strcmp.o)
                0x08000150                strcmp
 .text          0x08000164       0x10 D:/STM32CubeIDE_2.0.0/STM32CubeIDE/plugins/com.st.stm32cube.ide.mcu.externaltools.gnu-tools-for-stm32.13.3.rel1.win32_1.0.100.202509120712/tools/bin/../lib/gcc/arm-none-eabi/13.3.1/../../../../arm-none-eabi/lib/thumb/v7-m/nofp\libc_nano.a(libc_a-strlen.o)
                0x08000164                strlen
 .text          0x08000174      0x378 D:/STM32CubeIDE_2.0.0/STM32CubeIDE/plugins/com.st.stm32cube.ide.mcu.externaltools.gnu-tools-for-stm32.13.3.rel1.win32_1.0.100.202509120712/tools/bin/../lib/gcc/arm-none-eabi/13.3.1/thumb/v7-m/nofp\libgcc.a(_arm_addsubdf3.o)
                0x08000174                __aeabi_drsub
                0x0800017c                __aeabi_dsub
                0x0800017c                __subdf3
                0x08000180                __aeabi_dadd
                0x08000180                __adddf3
                0x080003f8                __floatunsidf
                0x080003f8                __aeabi_ui2d
                0x08000418                __floatsidf
                0x08000418                __aeabi_i2d
                0x0800043c                __aeabi_f2d
                0x0800043c                __extendsfdf2
                0x08000480                __floatundidf
                0x08000480                __aeabi_ul2d
                0x08000490                __floatdidf
                0x08000490                __aeabi_l2d
 .text          0x080004ec      0x424 D:/STM32CubeIDE_2.0.0/STM32CubeIDE/plugins/com.st.stm32cube.ide.mcu.externaltools.gnu-tools-for-stm32.13.3.rel1.win32_1.0.100.202509120712/tools/bin/../lib/gcc/arm-none-eabi/13.3.1/thumb/v7-m/nofp\libgcc.a(_arm_muldivdf3.o)
                0x080004ec                __aeabi_dmul
                0x080004ec                __muldf3
                0x08000740                __divdf3
                0x08000740                __aeabi_ddiv
 .text          0x08000910      0x110 D:/STM32CubeIDE_2.0.0/STM32CubeIDE/plugins/com.st.stm32cube.ide.mcu.externaltools.gnu-tools-for-stm32.13.3.rel1.win32_1.0.100.202509120712/tools/bin/../lib/gcc/arm-none-eabi/13.3.1/thumb/v7-m/nofp\libgcc.a(_arm_cmpdf2.o)
                0x08000910                __gtdf2
                0x08000910                __gedf2
                0x08000918                __ltdf2
                0x08000918                __ledf2
                0x08000920                __nedf2
                0x08000920                __eqdf2
                0x08000920                __cmpdf2
                0x0800099c                __aeabi_cdrcmple
                0x080009ac                __aeabi_cdcmpeq
                0x080009ac                __aeabi_cdcmple
                0x080009bc                __aeabi_dcmpeq
                0x080009d0                __aeabi_dcmplt
                0x080009e4                __aeabi_dcmple
                0x080009f8                __aeabi_dcmpge
                0x08000a0c                __aeabi_dcmpgt
 .text          0x08000a20       0x2c D:/STM32CubeIDE_2.0.0/STM32CubeIDE/plugins/com.st.stm32cube.ide.mcu.externaltools.gnu-tools-for-stm32.13.3.rel1.win32_1.0.100.202509120712/tools/bin/../lib/gcc/arm-none-eabi/13.3.1/thumb/v7-m/nofp\libgcc.a(_arm_unorddf2.o)
                0x08000a20                __unorddf2
                0x08000a20                __aeabi_dcmpun
 .text          0x08000a4c       0x50 D:/STM32CubeIDE_2.0.0/STM32CubeIDE/plugins/com.st.stm32cube.ide.mcu.externaltools.gnu-tools-for-stm32.13.3.rel1.win32_1.0.100.202509120712/tools/bin/../lib/gcc/arm-none-eabi/13.3.1/thumb/v7-m/nofp\libgcc.a(_arm_fixdfsi.o)
                0x08000a4c                __aeabi_d2iz
                0x08000a4c                __fixdfsi
 .text          0x08000a9c       0x40 D:/STM32CubeIDE_2.0.0/STM32CubeIDE/plugins/com.st.stm32cube.ide.mcu.externaltools.gnu-tools-for-stm32.13.3.rel1.win32_1.0.100.202509120712/tools/bin/../lib/gcc/arm-none-eabi/13.3.1/thumb/v7-m/nofp\libgcc.a(_arm_fixunsdfsi.o)
                0x08000a9c                __aeabi_d2uiz
                0x08000a9c                __fixunsdfsi
 .text          0x08000adc       0xa0 D:/STM32CubeIDE_2.0.0/STM32CubeIDE/plugins/com.st.stm32cube.ide.mcu.externaltools.gnu-tools-for-stm32.13.3.rel1.win32_1.0.100.202509120712/tools/bin/../lib/gcc/arm-none-eabi/13.3.1/thumb/v7-m/nofp\libgcc.a(_arm_truncdfsf2.o)
                0x08000adc                __truncdfsf2
                0x08000adc                __aeabi_d2f
 .text          0x08000b7c      0x21c D:/STM32CubeIDE_2.0.0/STM32CubeIDE/plugins/com.st.stm32cube.ide.mcu.externaltools.gnu-tools-for-stm32.13.3.rel1.win32_1.0.100.202509120712/tools/bin/../lib/gcc/arm-none-eabi/13.3.1/thumb/v7-m/nofp\libgcc.a(_arm_addsubsf3.o)
                0x08000b7c                __aeabi_frsub
                0x08000b84                __subsf3
                0x08000b84                __aeabi_fsub
                0x08000b88                __aeabi_fadd
                0x08000b88                __addsf3
                0x08000ce8                __aeabi_ui2f
                0x08000ce8                __floatunsisf
                0x08000cf0                __aeabi_i2f
                0x08000cf0                __floatsisf
                0x08000d0c                __aeabi_ul2f
                0x08000d0c                __floatundisf
                0x08000d1c                __aeabi_l2f
                0x08000d1c                __floatdisf
 .text          0x08000d98      0x2a0 D:/STM32CubeIDE_2.0.0/STM32CubeIDE/plugins/com.st.stm32cube.ide.mcu.externaltools.gnu-tools-for-stm32.13.3.rel1.win32_1.0.100.202509120712/tools/bin/../lib/gcc/arm-none-eabi/13.3.1/thumb/v7-m/nofp\libgcc.a(_arm_muldivsf3.o)
                0x08000d98                __mulsf3
                0x08000d98                __aeabi_fmul
                0x08000f00                __aeabi_fdiv
                0x08000f00                __divsf3
 .text          0x08001038       0xec D:/STM32CubeIDE_2.0.0/STM32CubeIDE/plugins/com.st.stm32cube.ide.mcu.externaltools.gnu-tools-for-stm32.13.3.rel1.win32_1.0.100.202509120712/tools/bin/../lib/gcc/arm-none-eabi/13.3.1/thumb/v7-m/nofp\libgcc.a(_arm_cmpsf2.o)
                0x08001038                __gesf2
                0x08001038                __gtsf2
                0x08001040                __lesf2
                0x08001040                __ltsf2
                0x08001048                __nesf2
                0x08001048                __eqsf2
                0x08001048                __cmpsf2
                0x080010a8                __aeabi_cfrcmple
                0x080010b0                __aeabi_cfcmpeq
                0x080010b0                __aeabi_cfcmple
                0x080010c0                __aeabi_fcmpeq
                0x080010d4                __aeabi_fcmplt
                0x080010e8                __aeabi_fcmple
                0x080010fc                __aeabi_fcmpge
                0x08001110                __aeabi_fcmpgt
 .text          0x08001124       0x40 D:/STM32CubeIDE_2.0.0/STM32CubeIDE/plugins/com.st.stm32cube.ide.mcu.externaltools.gnu-tools-for-stm32.13.3.rel1.win32_1.0.100.202509120712/tools/bin/../lib/gcc/arm-none-eabi/13.3.1/thumb/v7-m/nofp\libgcc.a(_arm_fixunssfsi.o)
                0x08001124                __fixunssfsi
                0x08001124                __aeabi_f2uiz
 .text          0x08001164       0xa0 D:/STM32CubeIDE_2.0.0/STM32CubeIDE/plugins/com.st.stm32cube.ide.mcu.externaltools.gnu-tools-for-stm32.13.3.rel1.win32_1.0.100.202509120712/tools/bin/../lib/gcc/arm-none-eabi/13.3.1/thumb/v7-m/nofp\libgcc.a(_aeabi_ldivmod.o)
                0x08001164                __aeabi_ldivmod
 .text          0x08001204       0x30 D:/STM32CubeIDE_2.0.0/STM32CubeIDE/plugins/com.st.stm32cube.ide.mcu.externaltools.gnu-tools-for-stm32.13.3.rel1.win32_1.0.100.202509120712/tools/bin/../lib/gcc/arm-none-eabi/13.3.1/thumb/v7-m/nofp\libgcc.a(_fixdfdi.o)
                0x08001204                __fixdfdi
                0x08001204                __aeabi_d2lz
 .text          0x08001234       0x3c D:/STM32CubeIDE_2.0.0/STM32CubeIDE/plugins/com.st.stm32cube.ide.mcu.externaltools.gnu-tools-for-stm32.13.3.rel1.win32_1.0.100.202509120712/tools/bin/../lib/gcc/arm-none-eabi/13.3.1/thumb/v7-m/nofp\libgcc.a(_fixunsdfdi.o)
                0x08001234                __fixunsdfdi
                0x08001234                __aeabi_d2ulz
 .text          0x08001270      0x300 D:/STM32CubeIDE_2.0.0/STM32CubeIDE/plugins/com.st.stm32cube.ide.mcu.externaltools.gnu-tools-for-stm32.13.3.rel1.win32_1.0.100.202509120712/tools/bin/../lib/gcc/arm-none-eabi/13.3.1/thumb/v7-m/nofp\libgcc.a(_udivmoddi4.o)
                0x08001270                __udivmoddi4
 .text          0x08001570        0x4 D:/STM32CubeIDE_2.0.0/STM32CubeIDE/plugins/com.st.stm32cube.ide.mcu.externaltools.gnu-tools-for-stm32.13.3.rel1.win32_1.0.100.202509120712/tools/bin/../lib/gcc/arm-none-eabi/13.3.1/thumb/v7-m/nofp\libgcc.a(_dvmd_tls.o)
                0x08001570                __aeabi_idiv0
                0x08001570                __aeabi_ldiv0
 *(.text*)
 .text.MX_ADC2_Init
                0x08001574       0x7c ./Core/Src/adc.o
                0x08001574                MX_ADC2_Init
 .text.HAL_ADC_MspInit
                0x080015f0       0x78 ./Core/Src/adc.o
                0x080015f0                HAL_ADC_MspInit
 .text.Parse_Env_KeyValue
                0x08001668       0xd4 ./Core/Src/freertos.o
                0x08001668                Parse_Env_KeyValue
 .text.Parse_UART_Cmd
                0x0800173c       0xac ./Core/Src/freertos.o
                0x0800173c                Parse_UART_Cmd
 .text.HAL_UART_RxCpltCallback
                0x080017e8       0xac ./Core/Src/freertos.o
                0x080017e8                HAL_UART_RxCpltCallback
 .text.updatea_env_value
                0x08001894       0x40 ./Core/Src/freertos.o
                0x08001894                updatea_env_value
 .text.Refresh_OLED_Time
                0x080018d4       0x6c ./Core/Src/freertos.o
                0x080018d4                Refresh_OLED_Time
 .text.Refresh_OLED_Temp
                0x08001940       0x68 ./Core/Src/freertos.o
                0x08001940                Refresh_OLED_Temp
 .text.Get_Max_Day
                0x080019a8       0x58 ./Core/Src/freertos.o
                0x080019a8                Get_Max_Day
 .text.ADC_Read_Raw
                0x08001a00       0x40 ./Core/Src/freertos.o
                0x08001a00                ADC_Read_Raw
 .text.ADC_Calculate_BatteryVoltage
                0x08001a40       0x60 ./Core/Src/freertos.o
                0x08001a40                ADC_Calculate_BatteryVoltage
 .text.MX_FREERTOS_Init
                0x08001aa0      0x10c ./Core/Src/freertos.o
                0x08001aa0                MX_FREERTOS_Init
 .text.StartDefaultTask
                0x08001bac      0x3cc ./Core/Src/freertos.o
                0x08001bac                StartDefaultTask
 .text.StartHomeButtonListen
                0x08001f78       0x60 ./Core/Src/freertos.o
                0x08001f78                StartHomeButtonListen
 .text.StartHomeButtonHandler
                0x08001fd8      0x3dc ./Core/Src/freertos.o
                0x08001fd8                StartHomeButtonHandler
 .text.StartlrbuttonListen
                0x080023b4      0x484 ./Core/Src/freertos.o
                0x080023b4                StartlrbuttonListen
 .text.StartUartTestTask
                0x08002838      0x360 ./Core/Src/freertos.o
                0x08002838                StartUartTestTask
 .text.StartOledshowTask
                0x08002b98      0x518 ./Core/Src/freertos.o
                0x08002b98                StartOledshowTask
 .text.StartMPU6050Task
                0x080030b0      0x170 ./Core/Src/freertos.o
                0x080030b0                StartMPU6050Task
 .text.delay_ms
                0x08003220       0x3c ./Core/Src/freertos.o
                0x08003220                delay_ms
 .text.gameTask
                0x0800325c      0x45c ./Core/Src/freertos.o
                0x0800325c                gameTask
 .text.HAL_GPIO_EXTI_Callback
                0x080036b8       0x7c ./Core/Src/gpio.o
                0x080036b8                HAL_GPIO_EXTI_Callback
 .text.MX_GPIO_Init
                0x08003734      0x178 ./Core/Src/gpio.o
                0x08003734                MX_GPIO_Init
 .text.MX_I2C1_Init
                0x080038ac       0x5c ./Core/Src/i2c.o
                0x080038ac                MX_I2C1_Init
 .text.MX_I2C2_Init
                0x08003908       0x5c ./Core/Src/i2c.o
                0x08003908                MX_I2C2_Init
 .text.HAL_I2C_MspInit
                0x08003964       0xd8 ./Core/Src/i2c.o
                0x08003964                HAL_I2C_MspInit
 .text.main     0x08003a3c       0x78 ./Core/Src/main.o
                0x08003a3c                main
 .text.SystemClock_Config
                0x08003ab4       0xc0 ./Core/Src/main.o
                0x08003ab4                SystemClock_Config
 .text.HAL_TIM_PeriodElapsedCallback
                0x08003b74       0x24 ./Core/Src/main.o
                0x08003b74                HAL_TIM_PeriodElapsedCallback
 .text.Error_Handler
                0x08003b98        0xc ./Core/Src/main.o
                0x08003b98                Error_Handler
 .text.MX_RTC_Init
                0x08003ba4       0x38 ./Core/Src/rtc.o
                0x08003ba4                MX_RTC_Init
 .text.HAL_RTC_MspInit
                0x08003bdc       0x48 ./Core/Src/rtc.o
                0x08003bdc                HAL_RTC_MspInit
 .text.HAL_MspInit
                0x08003c24       0x70 ./Core/Src/stm32f1xx_hal_msp.o
                0x08003c24                HAL_MspInit
 .text.HAL_InitTick
                0x08003c94       0xfc ./Core/Src/stm32f1xx_hal_timebase_tim.o
                0x08003c94                HAL_InitTick
 .text.NMI_Handler
                0x08003d90        0x8 ./Core/Src/stm32f1xx_it.o
                0x08003d90                NMI_Handler
 .text.HardFault_Handler
                0x08003d98        0x8 ./Core/Src/stm32f1xx_it.o
                0x08003d98                HardFault_Handler
 .text.MemManage_Handler
                0x08003da0        0x8 ./Core/Src/stm32f1xx_it.o
                0x08003da0                MemManage_Handler
 .text.BusFault_Handler
                0x08003da8        0x8 ./Core/Src/stm32f1xx_it.o
                0x08003da8                BusFault_Handler
 .text.UsageFault_Handler
                0x08003db0        0x8 ./Core/Src/stm32f1xx_it.o
                0x08003db0                UsageFault_Handler
 .text.DebugMon_Handler
                0x08003db8        0xc ./Core/Src/stm32f1xx_it.o
                0x08003db8                DebugMon_Handler
 .text.EXTI1_IRQHandler
                0x08003dc4        0xe ./Core/Src/stm32f1xx_it.o
                0x08003dc4                EXTI1_IRQHandler
 .text.EXTI9_5_IRQHandler
                0x08003dd2       0x10 ./Core/Src/stm32f1xx_it.o
                0x08003dd2                EXTI9_5_IRQHandler
 *fill*         0x08003de2        0x2 
 .text.TIM4_IRQHandler
                0x08003de4       0x14 ./Core/Src/stm32f1xx_it.o
                0x08003de4                TIM4_IRQHandler
 .text.USART2_IRQHandler
                0x08003df8       0x14 ./Core/Src/stm32f1xx_it.o
                0x08003df8                USART2_IRQHandler
 .text._getpid  0x08003e0c        0xe ./Core/Src/syscalls.o
                0x08003e0c                _getpid
 .text._kill    0x08003e1a       0x20 ./Core/Src/syscalls.o
                0x08003e1a                _kill
 .text._exit    0x08003e3a       0x16 ./Core/Src/syscalls.o
                0x08003e3a                _exit
 .text._read    0x08003e50       0x3a ./Core/Src/syscalls.o
                0x08003e50                _read
 .text._write   0x08003e8a       0x38 ./Core/Src/syscalls.o
                0x08003e8a                _write
 .text._close   0x08003ec2       0x16 ./Core/Src/syscalls.o
                0x08003ec2                _close
 .text._fstat   0x08003ed8       0x1e ./Core/Src/syscalls.o
                0x08003ed8                _fstat
 .text._isatty  0x08003ef6       0x14 ./Core/Src/syscalls.o
                0x08003ef6                _isatty
 .text._lseek   0x08003f0a       0x18 ./Core/Src/syscalls.o
                0x08003f0a                _lseek
 *fill*         0x08003f22        0x2 
 .text._sbrk    0x08003f24       0x6c ./Core/Src/sysmem.o
                0x08003f24                _sbrk
 .text.SystemInit
                0x08003f90        0xc ./Core/Src/system_stm32f1xx.o
                0x08003f90                SystemInit
 .text.MX_TIM1_Init
                0x08003f9c      0x108 ./Core/Src/tim.o
                0x08003f9c                MX_TIM1_Init
 .text.MX_TIM2_Init
                0x080040a4       0x98 ./Core/Src/tim.o
                0x080040a4                MX_TIM2_Init
 .text.MX_TIM3_Init
                0x0800413c       0x9c ./Core/Src/tim.o
                0x0800413c                MX_TIM3_Init
 .text.HAL_TIM_PWM_MspInit
                0x080041d8       0x3c ./Core/Src/tim.o
                0x080041d8                HAL_TIM_PWM_MspInit
 .text.HAL_TIM_Base_MspInit
                0x08004214       0x60 ./Core/Src/tim.o
                0x08004214                HAL_TIM_Base_MspInit
 .text.HAL_TIM_MspPostInit
                0x08004274       0x68 ./Core/Src/tim.o
                0x08004274                HAL_TIM_MspPostInit
 .text.MX_USART1_UART_Init
                0x080042dc       0x54 ./Core/Src/usart.o
                0x080042dc                MX_USART1_UART_Init
 .text.MX_USART2_UART_Init
                0x08004330       0x54 ./Core/Src/usart.o
                0x08004330                MX_USART2_UART_Init
 .text.HAL_UART_MspInit
                0x08004384      0x118 ./Core/Src/usart.o
                0x08004384                HAL_UART_MspInit
 .text.Reset_Handler
                0x0800449c       0x48 ./Core/Startup/startup_stm32f103cbtx.o
                0x0800449c                Reset_Handler
 .text.Default_Handler
                0x080044e4        0x2 ./Core/Startup/startup_stm32f103cbtx.o
                0x080044e4                RTC_Alarm_IRQHandler
                0x080044e4                EXTI2_IRQHandler
                0x080044e4                TIM1_CC_IRQHandler
                0x080044e4                PVD_IRQHandler
                0x080044e4                EXTI3_IRQHandler
                0x080044e4                EXTI0_IRQHandler
                0x080044e4                I2C2_EV_IRQHandler
                0x080044e4                ADC1_2_IRQHandler
                0x080044e4                SPI1_IRQHandler
                0x080044e4                TAMPER_IRQHandler
                0x080044e4                DMA1_Channel4_IRQHandler
                0x080044e4                USART3_IRQHandler
                0x080044e4                RTC_IRQHandler
                0x080044e4                DMA1_Channel7_IRQHandler
                0x080044e4                CAN1_RX1_IRQHandler
                0x080044e4                I2C1_EV_IRQHandler
                0x080044e4                DMA1_Channel6_IRQHandler
                0x080044e4                TIM3_IRQHandler
                0x080044e4                RCC_IRQHandler
                0x080044e4                TIM1_TRG_COM_IRQHandler
                0x080044e4                DMA1_Channel1_IRQHandler
                0x080044e4                Default_Handler
                0x080044e4                EXTI15_10_IRQHandler
                0x080044e4                SPI2_IRQHandler
                0x080044e4                DMA1_Channel5_IRQHandler
                0x080044e4                EXTI4_IRQHandler
                0x080044e4                USB_LP_CAN1_RX0_IRQHandler
                0x080044e4                USB_HP_CAN1_TX_IRQHandler
                0x080044e4                DMA1_Channel3_IRQHandler
                0x080044e4                TIM1_UP_IRQHandler
                0x080044e4                WWDG_IRQHandler
                0x080044e4                TIM2_IRQHandler
                0x080044e4                TIM1_BRK_IRQHandler
                0x080044e4                I2C2_ER_IRQHandler
                0x080044e4                DMA1_Channel2_IRQHandler
                0x080044e4                CAN1_SCE_IRQHandler
                0x080044e4                FLASH_IRQHandler
                0x080044e4                USART1_IRQHandler
                0x080044e4                I2C1_ER_IRQHandler
                0x080044e4                USBWakeUp_IRQHandler
 *fill*         0x080044e6        0x2 
 .text.HAL_Init
                0x080044e8       0x2c ./Drivers/STM32F1xx_HAL_Driver/Src/stm32f1xx_hal.o
                0x080044e8                HAL_Init
 .text.HAL_IncTick
                0x08004514       0x24 ./Drivers/STM32F1xx_HAL_Driver/Src/stm32f1xx_hal.o
                0x08004514                HAL_IncTick
 .text.HAL_GetTick
                0x08004538       0x14 ./Drivers/STM32F1xx_HAL_Driver/Src/stm32f1xx_hal.o
                0x08004538                HAL_GetTick
 .text.HAL_Delay
                0x0800454c       0x48 ./Drivers/STM32F1xx_HAL_Driver/Src/stm32f1xx_hal.o
                0x0800454c                HAL_Delay
 .text.HAL_ADC_Init
                0x08004594      0x1b0 ./Drivers/STM32F1xx_HAL_Driver/Src/stm32f1xx_hal_adc.o
                0x08004594                HAL_ADC_Init
 .text.HAL_ADC_Start
                0x08004744      0x15c ./Drivers/STM32F1xx_HAL_Driver/Src/stm32f1xx_hal_adc.o
                0x08004744                HAL_ADC_Start
 .text.HAL_ADC_Stop
                0x080048a0       0x58 ./Drivers/STM32F1xx_HAL_Driver/Src/stm32f1xx_hal_adc.o
                0x080048a0                HAL_ADC_Stop
 .text.HAL_ADC_PollForConversion
                0x080048f8      0x20c ./Drivers/STM32F1xx_HAL_Driver/Src/stm32f1xx_hal_adc.o
                0x080048f8                HAL_ADC_PollForConversion
 .text.HAL_ADC_GetValue
                0x08004b04       0x18 ./Drivers/STM32F1xx_HAL_Driver/Src/stm32f1xx_hal_adc.o
                0x08004b04                HAL_ADC_GetValue
 .text.HAL_ADC_ConfigChannel
                0x08004b1c      0x1f0 ./Drivers/STM32F1xx_HAL_Driver/Src/stm32f1xx_hal_adc.o
                0x08004b1c                HAL_ADC_ConfigChannel
 .text.ADC_Enable
                0x08004d0c       0xb4 ./Drivers/STM32F1xx_HAL_Driver/Src/stm32f1xx_hal_adc.o
                0x08004d0c                ADC_Enable
 .text.ADC_ConversionStop_Disable
                0x08004dc0       0x82 ./Drivers/STM32F1xx_HAL_Driver/Src/stm32f1xx_hal_adc.o
                0x08004dc0                ADC_ConversionStop_Disable
 *fill*         0x08004e42        0x2 
 .text.__NVIC_SetPriorityGrouping
                0x08004e44       0x48 ./Drivers/STM32F1xx_HAL_Driver/Src/stm32f1xx_hal_cortex.o
 .text.__NVIC_GetPriorityGrouping
                0x08004e8c       0x1c ./Drivers/STM32F1xx_HAL_Driver/Src/stm32f1xx_hal_cortex.o
 .text.__NVIC_EnableIRQ
                0x08004ea8       0x38 ./Drivers/STM32F1xx_HAL_Driver/Src/stm32f1xx_hal_cortex.o
 .text.__NVIC_SetPriority
                0x08004ee0       0x54 ./Drivers/STM32F1xx_HAL_Driver/Src/stm32f1xx_hal_cortex.o
 .text.NVIC_EncodePriority
                0x08004f34       0x64 ./Drivers/STM32F1xx_HAL_Driver/Src/stm32f1xx_hal_cortex.o
 .text.HAL_NVIC_SetPriorityGrouping
                0x08004f98       0x16 ./Drivers/STM32F1xx_HAL_Driver/Src/stm32f1xx_hal_cortex.o
                0x08004f98                HAL_NVIC_SetPriorityGrouping
 .text.HAL_NVIC_SetPriority
                0x08004fae       0x38 ./Drivers/STM32F1xx_HAL_Driver/Src/stm32f1xx_hal_cortex.o
                0x08004fae                HAL_NVIC_SetPriority
 .text.HAL_NVIC_EnableIRQ
                0x08004fe6       0x1c ./Drivers/STM32F1xx_HAL_Driver/Src/stm32f1xx_hal_cortex.o
                0x08004fe6                HAL_NVIC_EnableIRQ
 .text.HAL_DMA_Abort
                0x08005002       0x76 ./Drivers/STM32F1xx_HAL_Driver/Src/stm32f1xx_hal_dma.o
                0x08005002                HAL_DMA_Abort
 .text.HAL_DMA_Abort_IT
                0x08005078       0xf0 ./Drivers/STM32F1xx_HAL_Driver/Src/stm32f1xx_hal_dma.o
                0x08005078                HAL_DMA_Abort_IT
 .text.HAL_FLASH_Program
                0x08005168       0xe0 ./Drivers/STM32F1xx_HAL_Driver/Src/stm32f1xx_hal_flash.o
                0x08005168                HAL_FLASH_Program
 .text.HAL_FLASH_Unlock
                0x08005248       0x4c ./Drivers/STM32F1xx_HAL_Driver/Src/stm32f1xx_hal_flash.o
                0x08005248                HAL_FLASH_Unlock
 .text.HAL_FLASH_Lock
                0x08005294       0x20 ./Drivers/STM32F1xx_HAL_Driver/Src/stm32f1xx_hal_flash.o
                0x08005294                HAL_FLASH_Lock
 .text.FLASH_Program_HalfWord
                0x080052b4       0x38 ./Drivers/STM32F1xx_HAL_Driver/Src/stm32f1xx_hal_flash.o
 .text.FLASH_WaitForLastOperation
                0x080052ec       0x8c ./Drivers/STM32F1xx_HAL_Driver/Src/stm32f1xx_hal_flash.o
                0x080052ec                FLASH_WaitForLastOperation
 .text.FLASH_SetErrorCode
                0x08005378       0xa0 ./Drivers/STM32F1xx_HAL_Driver/Src/stm32f1xx_hal_flash.o
 .text.HAL_FLASHEx_Erase
                0x08005418       0xd8 ./Drivers/STM32F1xx_HAL_Driver/Src/stm32f1xx_hal_flash_ex.o
                0x08005418                HAL_FLASHEx_Erase
 .text.FLASH_MassErase
                0x080054f0       0x38 ./Drivers/STM32F1xx_HAL_Driver/Src/stm32f1xx_hal_flash_ex.o
 .text.FLASH_PageErase
                0x08005528       0x40 ./Drivers/STM32F1xx_HAL_Driver/Src/stm32f1xx_hal_flash_ex.o
                0x08005528                FLASH_PageErase
 .text.HAL_GPIO_Init
                0x08005568      0x308 ./Drivers/STM32F1xx_HAL_Driver/Src/stm32f1xx_hal_gpio.o
                0x08005568                HAL_GPIO_Init
 .text.HAL_GPIO_ReadPin
                0x08005870       0x2e ./Drivers/STM32F1xx_HAL_Driver/Src/stm32f1xx_hal_gpio.o
                0x08005870                HAL_GPIO_ReadPin
 .text.HAL_GPIO_WritePin
                0x0800589e       0x30 ./Drivers/STM32F1xx_HAL_Driver/Src/stm32f1xx_hal_gpio.o
                0x0800589e                HAL_GPIO_WritePin
 .text.HAL_GPIO_TogglePin
                0x080058ce       0x32 ./Drivers/STM32F1xx_HAL_Driver/Src/stm32f1xx_hal_gpio.o
                0x080058ce                HAL_GPIO_TogglePin
 .text.HAL_GPIO_EXTI_IRQHandler
                0x08005900       0x30 ./Drivers/STM32F1xx_HAL_Driver/Src/stm32f1xx_hal_gpio.o
                0x08005900                HAL_GPIO_EXTI_IRQHandler
 .text.HAL_I2C_Init
                0x08005930      0x288 ./Drivers/STM32F1xx_HAL_Driver/Src/stm32f1xx_hal_i2c.o
                0x08005930                HAL_I2C_Init
 .text.HAL_I2C_Mem_Write
                0x08005bb8      0x1f4 ./Drivers/STM32F1xx_HAL_Driver/Src/stm32f1xx_hal_i2c.o
                0x08005bb8                HAL_I2C_Mem_Write
 .text.HAL_I2C_Mem_Read
                0x08005dac      0x4e8 ./Drivers/STM32F1xx_HAL_Driver/Src/stm32f1xx_hal_i2c.o
                0x08005dac                HAL_I2C_Mem_Read
 .text.I2C_RequestMemoryWrite
                0x08006294      0x12c ./Drivers/STM32F1xx_HAL_Driver/Src/stm32f1xx_hal_i2c.o
 .text.I2C_RequestMemoryRead
                0x080063c0      0x1d0 ./Drivers/STM32F1xx_HAL_Driver/Src/stm32f1xx_hal_i2c.o
 .text.I2C_WaitOnFlagUntilTimeout
                0x08006590       0xf4 ./Drivers/STM32F1xx_HAL_Driver/Src/stm32f1xx_hal_i2c.o
 .text.I2C_WaitOnMasterAddressFlagUntilTimeout
                0x08006684      0x140 ./Drivers/STM32F1xx_HAL_Driver/Src/stm32f1xx_hal_i2c.o
 .text.I2C_WaitOnTXEFlagUntilTimeout
                0x080067c4       0x90 ./Drivers/STM32F1xx_HAL_Driver/Src/stm32f1xx_hal_i2c.o
 .text.I2C_WaitOnBTFFlagUntilTimeout
                0x08006854       0x90 ./Drivers/STM32F1xx_HAL_Driver/Src/stm32f1xx_hal_i2c.o
 .text.I2C_WaitOnRXNEFlagUntilTimeout
                0x080068e4       0xba ./Drivers/STM32F1xx_HAL_Driver/Src/stm32f1xx_hal_i2c.o
 .text.I2C_IsAcknowledgeFailed
                0x0800699e       0x5c ./Drivers/STM32F1xx_HAL_Driver/Src/stm32f1xx_hal_i2c.o
 *fill*         0x080069fa        0x2 
 .text.HAL_PWR_EnableBkUpAccess
                0x080069fc       0x18 ./Drivers/STM32F1xx_HAL_Driver/Src/stm32f1xx_hal_pwr.o
                0x080069fc                HAL_PWR_EnableBkUpAccess
 .text.HAL_RCC_OscConfig
                0x08006a14      0x504 ./Drivers/STM32F1xx_HAL_Driver/Src/stm32f1xx_hal_rcc.o
                0x08006a14                HAL_RCC_OscConfig
 .text.HAL_RCC_ClockConfig
                0x08006f18      0x1d4 ./Drivers/STM32F1xx_HAL_Driver/Src/stm32f1xx_hal_rcc.o
                0x08006f18                HAL_RCC_ClockConfig
 .text.HAL_RCC_GetSysClockFreq
                0x080070ec       0xa8 ./Drivers/STM32F1xx_HAL_Driver/Src/stm32f1xx_hal_rcc.o
                0x080070ec                HAL_RCC_GetSysClockFreq
 .text.HAL_RCC_GetHCLKFreq
                0x08007194       0x14 ./Drivers/STM32F1xx_HAL_Driver/Src/stm32f1xx_hal_rcc.o
                0x08007194                HAL_RCC_GetHCLKFreq
 .text.HAL_RCC_GetPCLK1Freq
                0x080071a8       0x28 ./Drivers/STM32F1xx_HAL_Driver/Src/stm32f1xx_hal_rcc.o
                0x080071a8                HAL_RCC_GetPCLK1Freq
 .text.HAL_RCC_GetPCLK2Freq
                0x080071d0       0x28 ./Drivers/STM32F1xx_HAL_Driver/Src/stm32f1xx_hal_rcc.o
                0x080071d0                HAL_RCC_GetPCLK2Freq
 .text.HAL_RCC_GetClockConfig
                0x080071f8       0x60 ./Drivers/STM32F1xx_HAL_Driver/Src/stm32f1xx_hal_rcc.o
                0x080071f8                HAL_RCC_GetClockConfig
 .text.RCC_Delay
                0x08007258       0x3c ./Drivers/STM32F1xx_HAL_Driver/Src/stm32f1xx_hal_rcc.o
 .text.HAL_RCCEx_PeriphCLKConfig
                0x08007294      0x16c ./Drivers/STM32F1xx_HAL_Driver/Src/stm32f1xx_hal_rcc_ex.o
                0x08007294                HAL_RCCEx_PeriphCLKConfig
 .text.HAL_RCCEx_GetPeriphCLKFreq
                0x08007400      0x16c ./Drivers/STM32F1xx_HAL_Driver/Src/stm32f1xx_hal_rcc_ex.o
                0x08007400                HAL_RCCEx_GetPeriphCLKFreq
 .text.HAL_RTC_Init
                0x0800756c      0x118 ./Drivers/STM32F1xx_HAL_Driver/Src/stm32f1xx_hal_rtc.o
                0x0800756c                HAL_RTC_Init
 .text.HAL_RTC_WaitForSynchro
                0x08007684       0x5a ./Drivers/STM32F1xx_HAL_Driver/Src/stm32f1xx_hal_rtc.o
                0x08007684                HAL_RTC_WaitForSynchro
 .text.RTC_EnterInitMode
                0x080076de       0x50 ./Drivers/STM32F1xx_HAL_Driver/Src/stm32f1xx_hal_rtc.o
 .text.RTC_ExitInitMode
                0x0800772e       0x50 ./Drivers/STM32F1xx_HAL_Driver/Src/stm32f1xx_hal_rtc.o
 *fill*         0x0800777e        0x2 
 .text.HAL_RTCEx_BKUPWrite
                0x08007780       0x34 ./Drivers/STM32F1xx_HAL_Driver/Src/stm32f1xx_hal_rtc_ex.o
                0x08007780                HAL_RTCEx_BKUPWrite
 .text.HAL_RTCEx_BKUPRead
                0x080077b4       0x38 ./Drivers/STM32F1xx_HAL_Driver/Src/stm32f1xx_hal_rtc_ex.o
                0x080077b4                HAL_RTCEx_BKUPRead
 .text.HAL_TIM_Base_Init
                0x080077ec       0x9e ./Drivers/STM32F1xx_HAL_Driver/Src/stm32f1xx_hal_tim.o
                0x080077ec                HAL_TIM_Base_Init
 *fill*         0x0800788a        0x2 
 .text.HAL_TIM_Base_Start
                0x0800788c       0x94 ./Drivers/STM32F1xx_HAL_Driver/Src/stm32f1xx_hal_tim.o
                0x0800788c                HAL_TIM_Base_Start
 .text.HAL_TIM_Base_Start_IT
                0x08007920       0xa4 ./Drivers/STM32F1xx_HAL_Driver/Src/stm32f1xx_hal_tim.o
                0x08007920                HAL_TIM_Base_Start_IT
 .text.HAL_TIM_PWM_Init
                0x080079c4       0x9e ./Drivers/STM32F1xx_HAL_Driver/Src/stm32f1xx_hal_tim.o
                0x080079c4                HAL_TIM_PWM_Init
 *fill*         0x08007a62        0x2 
 .text.HAL_TIM_PWM_Start
                0x08007a64      0x144 ./Drivers/STM32F1xx_HAL_Driver/Src/stm32f1xx_hal_tim.o
                0x08007a64                HAL_TIM_PWM_Start
 .text.HAL_TIM_PWM_Stop
                0x08007ba8       0xc8 ./Drivers/STM32F1xx_HAL_Driver/Src/stm32f1xx_hal_tim.o
                0x08007ba8                HAL_TIM_PWM_Stop
 .text.HAL_TIM_IRQHandler
                0x08007c70      0x1e0 ./Drivers/STM32F1xx_HAL_Driver/Src/stm32f1xx_hal_tim.o
                0x08007c70                HAL_TIM_IRQHandler
 .text.HAL_TIM_PWM_ConfigChannel
                0x08007e50      0x184 ./Drivers/STM32F1xx_HAL_Driver/Src/stm32f1xx_hal_tim.o
                0x08007e50                HAL_TIM_PWM_ConfigChannel
 .text.HAL_TIM_ConfigClockSource
                0x08007fd4      0x18e ./Drivers/STM32F1xx_HAL_Driver/Src/stm32f1xx_hal_tim.o
                0x08007fd4                HAL_TIM_ConfigClockSource
 .text.HAL_TIM_OC_DelayElapsedCallback
                0x08008162       0x12 ./Drivers/STM32F1xx_HAL_Driver/Src/stm32f1xx_hal_tim.o
                0x08008162                HAL_TIM_OC_DelayElapsedCallback
 .text.HAL_TIM_IC_CaptureCallback
                0x08008174       0x12 ./Drivers/STM32F1xx_HAL_Driver/Src/stm32f1xx_hal_tim.o
                0x08008174                HAL_TIM_IC_CaptureCallback
 .text.HAL_TIM_PWM_PulseFinishedCallback
                0x08008186       0x12 ./Drivers/STM32F1xx_HAL_Driver/Src/stm32f1xx_hal_tim.o
                0x08008186                HAL_TIM_PWM_PulseFinishedCallback
 .text.HAL_TIM_TriggerCallback
                0x08008198       0x12 ./Drivers/STM32F1xx_HAL_Driver/Src/stm32f1xx_hal_tim.o
                0x08008198                HAL_TIM_TriggerCallback
 *fill*         0x080081aa        0x2 
 .text.TIM_Base_SetConfig
                0x080081ac       0xdc ./Drivers/STM32F1xx_HAL_Driver/Src/stm32f1xx_hal_tim.o
                0x080081ac                TIM_Base_SetConfig
 .text.TIM_OC1_SetConfig
                0x08008288       0xcc ./Drivers/STM32F1xx_HAL_Driver/Src/stm32f1xx_hal_tim.o
 .text.TIM_OC2_SetConfig
                0x08008354       0xd4 ./Drivers/STM32F1xx_HAL_Driver/Src/stm32f1xx_hal_tim.o
                0x08008354                TIM_OC2_SetConfig
 .text.TIM_OC3_SetConfig
                0x08008428       0xd4 ./Drivers/STM32F1xx_HAL_Driver/Src/stm32f1xx_hal_tim.o
 .text.TIM_OC4_SetConfig
                0x080084fc       0x9c ./Drivers/STM32F1xx_HAL_Driver/Src/stm32f1xx_hal_tim.o
 .text.TIM_TI1_ConfigInputStage
                0x08008598       0x5c ./Drivers/STM32F1xx_HAL_Driver/Src/stm32f1xx_hal_tim.o
 .text.TIM_TI2_ConfigInputStage
                0x080085f4       0x5e ./Drivers/STM32F1xx_HAL_Driver/Src/stm32f1xx_hal_tim.o
 .text.TIM_ITRx_SetConfig
                0x08008652       0x34 ./Drivers/STM32F1xx_HAL_Driver/Src/stm32f1xx_hal_tim.o
 .text.TIM_ETR_SetConfig
                0x08008686       0x3e ./Drivers/STM32F1xx_HAL_Driver/Src/stm32f1xx_hal_tim.o
                0x08008686                TIM_ETR_SetConfig
 .text.TIM_CCxChannelCmd
                0x080086c4       0x48 ./Drivers/STM32F1xx_HAL_Driver/Src/stm32f1xx_hal_tim.o
                0x080086c4                TIM_CCxChannelCmd
 .text.HAL_TIMEx_MasterConfigSynchronization
                0x0800870c       0xbc ./Drivers/STM32F1xx_HAL_Driver/Src/stm32f1xx_hal_tim_ex.o
                0x0800870c                HAL_TIMEx_MasterConfigSynchronization
 .text.HAL_TIMEx_ConfigBreakDeadTime
                0x080087c8       0xa2 ./Drivers/STM32F1xx_HAL_Driver/Src/stm32f1xx_hal_tim_ex.o
                0x080087c8                HAL_TIMEx_ConfigBreakDeadTime
 .text.HAL_TIMEx_CommutCallback
                0x0800886a       0x12 ./Drivers/STM32F1xx_HAL_Driver/Src/stm32f1xx_hal_tim_ex.o
                0x0800886a                HAL_TIMEx_CommutCallback
 .text.HAL_TIMEx_BreakCallback
                0x0800887c       0x12 ./Drivers/STM32F1xx_HAL_Driver/Src/stm32f1xx_hal_tim_ex.o
                0x0800887c                HAL_TIMEx_BreakCallback
 .text.HAL_UART_Init
                0x0800888e       0xa0 ./Drivers/STM32F1xx_HAL_Driver/Src/stm32f1xx_hal_uart.o
                0x0800888e                HAL_UART_Init
 .text.HAL_UART_Transmit
                0x0800892e      0x116 ./Drivers/STM32F1xx_HAL_Driver/Src/stm32f1xx_hal_uart.o
                0x0800892e                HAL_UART_Transmit
 .text.HAL_UART_Receive_IT
                0x08008a44       0x4a ./Drivers/STM32F1xx_HAL_Driver/Src/stm32f1xx_hal_uart.o
                0x08008a44                HAL_UART_Receive_IT
 *fill*         0x08008a8e        0x2 
 .text.HAL_UART_IRQHandler
                0x08008a90      0x524 ./Drivers/STM32F1xx_HAL_Driver/Src/stm32f1xx_hal_uart.o
                0x08008a90                HAL_UART_IRQHandler
 .text.HAL_UART_TxCpltCallback
                0x08008fb4       0x12 ./Drivers/STM32F1xx_HAL_Driver/Src/stm32f1xx_hal_uart.o
                0x08008fb4                HAL_UART_TxCpltCallback
 .text.HAL_UART_ErrorCallback
                0x08008fc6       0x12 ./Drivers/STM32F1xx_HAL_Driver/Src/stm32f1xx_hal_uart.o
                0x08008fc6                HAL_UART_ErrorCallback
 .text.HAL_UARTEx_RxEventCallback
                0x08008fd8       0x16 ./Drivers/STM32F1xx_HAL_Driver/Src/stm32f1xx_hal_uart.o
                0x08008fd8                HAL_UARTEx_RxEventCallback
 .text.UART_WaitOnFlagUntilTimeout
                0x08008fee       0xb2 ./Drivers/STM32F1xx_HAL_Driver/Src/stm32f1xx_hal_uart.o
 .text.UART_Start_Receive_IT
                0x080090a0       0x72 ./Drivers/STM32F1xx_HAL_Driver/Src/stm32f1xx_hal_uart.o
                0x080090a0                UART_Start_Receive_IT
 .text.UART_EndRxTransfer
                0x08009112       0xc4 ./Drivers/STM32F1xx_HAL_Driver/Src/stm32f1xx_hal_uart.o
 .text.UART_DMAAbortOnError
                0x080091d6       0x28 ./Drivers/STM32F1xx_HAL_Driver/Src/stm32f1xx_hal_uart.o
 .text.UART_Transmit_IT
                0x080091fe       0x9e ./Drivers/STM32F1xx_HAL_Driver/Src/stm32f1xx_hal_uart.o
 .text.UART_EndTransmit_IT
                0x0800929c       0x30 ./Drivers/STM32F1xx_HAL_Driver/Src/stm32f1xx_hal_uart.o
 .text.UART_Receive_IT
                0x080092cc      0x17c ./Drivers/STM32F1xx_HAL_Driver/Src/stm32f1xx_hal_uart.o
 .text.UART_SetConfig
                0x08009448      0x11c ./Drivers/STM32F1xx_HAL_Driver/Src/stm32f1xx_hal_uart.o
 .text.__NVIC_SetPriority
                0x08009564       0x54 ./Middlewares/Third_Party/FreeRTOS/Source/CMSIS_RTOS_V2/cmsis_os2.o
 .text.SysTick_Handler
                0x080095b8       0x20 ./Middlewares/Third_Party/FreeRTOS/Source/CMSIS_RTOS_V2/cmsis_os2.o
                0x080095b8                SysTick_Handler
 .text.SVC_Setup
                0x080095d8       0x12 ./Middlewares/Third_Party/FreeRTOS/Source/CMSIS_RTOS_V2/cmsis_os2.o
 *fill*         0x080095ea        0x2 
 .text.osKernelInitialize
                0x080095ec       0x44 ./Middlewares/Third_Party/FreeRTOS/Source/CMSIS_RTOS_V2/cmsis_os2.o
                0x080095ec                osKernelInitialize
 .text.osKernelStart
                0x08009630       0x4c ./Middlewares/Third_Party/FreeRTOS/Source/CMSIS_RTOS_V2/cmsis_os2.o
                0x08009630                osKernelStart
 .text.osThreadNew
                0x0800967c      0x124 ./Middlewares/Third_Party/FreeRTOS/Source/CMSIS_RTOS_V2/cmsis_os2.o
                0x0800967c                osThreadNew
 .text.osDelay  0x080097a0       0x36 ./Middlewares/Third_Party/FreeRTOS/Source/CMSIS_RTOS_V2/cmsis_os2.o
                0x080097a0                osDelay
 .text.osMessageQueueNew
                0x080097d6       0xe6 ./Middlewares/Third_Party/FreeRTOS/Source/CMSIS_RTOS_V2/cmsis_os2.o
                0x080097d6                osMessageQueueNew
 .text.vApplicationGetIdleTaskMemory
                0x080098bc       0x30 ./Middlewares/Third_Party/FreeRTOS/Source/CMSIS_RTOS_V2/cmsis_os2.o
                0x080098bc                vApplicationGetIdleTaskMemory
 .text.vApplicationGetTimerTaskMemory
                0x080098ec       0x34 ./Middlewares/Third_Party/FreeRTOS/Source/CMSIS_RTOS_V2/cmsis_os2.o
                0x080098ec                vApplicationGetTimerTaskMemory
 .text.vListInitialise
                0x08009920       0x3e ./Middlewares/Third_Party/FreeRTOS/Source/list.o
                0x08009920                vListInitialise
 .text.vListInitialiseItem
                0x0800995e       0x18 ./Middlewares/Third_Party/FreeRTOS/Source/list.o
                0x0800995e                vListInitialiseItem
 .text.vListInsertEnd
                0x08009976       0x46 ./Middlewares/Third_Party/FreeRTOS/Source/list.o
                0x08009976                vListInsertEnd
 .text.vListInsert
                0x080099bc       0x70 ./Middlewares/Third_Party/FreeRTOS/Source/list.o
                0x080099bc                vListInsert
 .text.uxListRemove
                0x08009a2c       0x52 ./Middlewares/Third_Party/FreeRTOS/Source/list.o
                0x08009a2c                uxListRemove
 *fill*         0x08009a7e        0x2 
 .text.xQueueGenericReset
                0x08009a80       0xd4 ./Middlewares/Third_Party/FreeRTOS/Source/queue.o
                0x08009a80                xQueueGenericReset
 .text.xQueueGenericCreateStatic
                0x08009b54       0xfa ./Middlewares/Third_Party/FreeRTOS/Source/queue.o
                0x08009b54                xQueueGenericCreateStatic
 .text.xQueueGenericCreate
                0x08009c4e       0x76 ./Middlewares/Third_Party/FreeRTOS/Source/queue.o
                0x08009c4e                xQueueGenericCreate
 .text.prvInitialiseNewQueue
                0x08009cc4       0x46 ./Middlewares/Third_Party/FreeRTOS/Source/queue.o
 *fill*         0x08009d0a        0x2 
 .text.xQueueGenericSend
                0x08009d0c      0x204 ./Middlewares/Third_Party/FreeRTOS/Source/queue.o
                0x08009d0c                xQueueGenericSend
 .text.xQueueGenericSendFromISR
                0x08009f10      0x13c ./Middlewares/Third_Party/FreeRTOS/Source/queue.o
                0x08009f10                xQueueGenericSendFromISR
 .text.xQueueReceive
                0x0800a04c      0x1c4 ./Middlewares/Third_Party/FreeRTOS/Source/queue.o
                0x0800a04c                xQueueReceive
 .text.prvCopyDataToQueue
                0x0800a210       0xd4 ./Middlewares/Third_Party/FreeRTOS/Source/queue.o
 .text.prvCopyDataFromQueue
                0x0800a2e4       0x4c ./Middlewares/Third_Party/FreeRTOS/Source/queue.o
 .text.prvUnlockQueue
                0x0800a330       0xa4 ./Middlewares/Third_Party/FreeRTOS/Source/queue.o
 .text.prvIsQueueEmpty
                0x0800a3d4       0x2c ./Middlewares/Third_Party/FreeRTOS/Source/queue.o
 .text.prvIsQueueFull
                0x0800a400       0x30 ./Middlewares/Third_Party/FreeRTOS/Source/queue.o
 .text.vQueueAddToRegistry
                0x0800a430       0x50 ./Middlewares/Third_Party/FreeRTOS/Source/queue.o
                0x0800a430                vQueueAddToRegistry
 .text.vQueueWaitForMessageRestricted
                0x0800a480       0x68 ./Middlewares/Third_Party/FreeRTOS/Source/queue.o
                0x0800a480                vQueueWaitForMessageRestricted
 .text.xTaskCreateStatic
                0x0800a4e8       0xc0 ./Middlewares/Third_Party/FreeRTOS/Source/tasks.o
                0x0800a4e8                xTaskCreateStatic
 .text.xTaskCreate
                0x0800a5a8       0x8a ./Middlewares/Third_Party/FreeRTOS/Source/tasks.o
                0x0800a5a8                xTaskCreate
 *fill*         0x0800a632        0x2 
 .text.prvInitialiseNewTask
                0x0800a634      0x150 ./Middlewares/Third_Party/FreeRTOS/Source/tasks.o
 .text.prvAddNewTaskToReadyList
                0x0800a784       0xe0 ./Middlewares/Third_Party/FreeRTOS/Source/tasks.o
 .text.vTaskDelay
                0x0800a864       0x6c ./Middlewares/Third_Party/FreeRTOS/Source/tasks.o
                0x0800a864                vTaskDelay
 .text.vTaskSuspend
                0x0800a8d0       0xec ./Middlewares/Third_Party/FreeRTOS/Source/tasks.o
                0x0800a8d0                vTaskSuspend
 .text.prvTaskIsTaskSuspended
                0x0800a9bc       0x64 ./Middlewares/Third_Party/FreeRTOS/Source/tasks.o
 .text.vTaskResume
                0x0800aa20       0xc0 ./Middlewares/Third_Party/FreeRTOS/Source/tasks.o
                0x0800aa20                vTaskResume
 .text.vTaskStartScheduler
                0x0800aae0       0xe0 ./Middlewares/Third_Party/FreeRTOS/Source/tasks.o
                0x0800aae0                vTaskStartScheduler
 .text.vTaskSuspendAll
                0x0800abc0       0x1c ./Middlewares/Third_Party/FreeRTOS/Source/tasks.o
                0x0800abc0                vTaskSuspendAll
 .text.xTaskResumeAll
                0x0800abdc      0x13c ./Middlewares/Third_Party/FreeRTOS/Source/tasks.o
                0x0800abdc                xTaskResumeAll
 .text.xTaskGetTickCount
                0x0800ad18       0x1c ./Middlewares/Third_Party/FreeRTOS/Source/tasks.o
                0x0800ad18                xTaskGetTickCount
 .text.xTaskIncrementTick
                0x0800ad34      0x174 ./Middlewares/Third_Party/FreeRTOS/Source/tasks.o
                0x0800ad34                xTaskIncrementTick
 .text.vTaskSwitchContext
                0x0800aea8       0xc8 ./Middlewares/Third_Party/FreeRTOS/Source/tasks.o
                0x0800aea8                vTaskSwitchContext
 .text.vTaskPlaceOnEventList
                0x0800af70       0x4c ./Middlewares/Third_Party/FreeRTOS/Source/tasks.o
                0x0800af70                vTaskPlaceOnEventList
 .text.vTaskPlaceOnEventListRestricted
                0x0800afbc       0x58 ./Middlewares/Third_Party/FreeRTOS/Source/tasks.o
                0x0800afbc                vTaskPlaceOnEventListRestricted
 .text.xTaskRemoveFromEventList
                0x0800b014       0xc8 ./Middlewares/Third_Party/FreeRTOS/Source/tasks.o
                0x0800b014                xTaskRemoveFromEventList
 .text.vTaskInternalSetTimeOutState
                0x0800b0dc       0x2c ./Middlewares/Third_Party/FreeRTOS/Source/tasks.o
                0x0800b0dc                vTaskInternalSetTimeOutState
 .text.xTaskCheckForTimeOut
                0x0800b108       0xc8 ./Middlewares/Third_Party/FreeRTOS/Source/tasks.o
                0x0800b108                xTaskCheckForTimeOut
 .text.vTaskMissedYield
                0x0800b1d0       0x18 ./Middlewares/Third_Party/FreeRTOS/Source/tasks.o
                0x0800b1d0                vTaskMissedYield
 .text.prvIdleTask
                0x0800b1e8       0x30 ./Middlewares/Third_Party/FreeRTOS/Source/tasks.o
 .text.prvInitialiseTaskLists
                0x0800b218       0x80 ./Middlewares/Third_Party/FreeRTOS/Source/tasks.o
 .text.prvCheckTasksWaitingTermination
                0x0800b298       0x5c ./Middlewares/Third_Party/FreeRTOS/Source/tasks.o
 .text.prvDeleteTCB
                0x0800b2f4       0x6a ./Middlewares/Third_Party/FreeRTOS/Source/tasks.o
 *fill*         0x0800b35e        0x2 
 .text.prvResetNextTaskUnblockTime
                0x0800b360       0x40 ./Middlewares/Third_Party/FreeRTOS/Source/tasks.o
 .text.xTaskGetSchedulerState
                0x0800b3a0       0x3c ./Middlewares/Third_Party/FreeRTOS/Source/tasks.o
                0x0800b3a0                xTaskGetSchedulerState
 .text.xTaskPriorityDisinherit
                0x0800b3dc       0xe0 ./Middlewares/Third_Party/FreeRTOS/Source/tasks.o
                0x0800b3dc                xTaskPriorityDisinherit
 .text.prvAddCurrentTaskToDelayedList
                0x0800b4bc       0xa8 ./Middlewares/Third_Party/FreeRTOS/Source/tasks.o
 .text.xTimerCreateTimerTask
                0x0800b564       0x94 ./Middlewares/Third_Party/FreeRTOS/Source/timers.o
                0x0800b564                xTimerCreateTimerTask
 .text.xTimerGenericCommand
                0x0800b5f8       0x9c ./Middlewares/Third_Party/FreeRTOS/Source/timers.o
                0x0800b5f8                xTimerGenericCommand
 .text.prvProcessExpiredTimer
                0x0800b694       0x9c ./Middlewares/Third_Party/FreeRTOS/Source/timers.o
 .text.prvTimerTask
                0x0800b730       0x26 ./Middlewares/Third_Party/FreeRTOS/Source/timers.o
 *fill*         0x0800b756        0x2 
 .text.prvProcessTimerOrBlockTask
                0x0800b758       0x9c ./Middlewares/Third_Party/FreeRTOS/Source/timers.o
 .text.prvGetNextExpireTime
                0x0800b7f4       0x44 ./Middlewares/Third_Party/FreeRTOS/Source/timers.o
 .text.prvSampleTimeNow
                0x0800b838       0x40 ./Middlewares/Third_Party/FreeRTOS/Source/timers.o
 .text.prvInsertTimerInActiveList
                0x0800b878       0x84 ./Middlewares/Third_Party/FreeRTOS/Source/timers.o
 .text.prvProcessReceivedCommands
                0x0800b8fc      0x1cc ./Middlewares/Third_Party/FreeRTOS/Source/timers.o
 .text.prvSwitchTimerLists
                0x0800bac8       0xcc ./Middlewares/Third_Party/FreeRTOS/Source/timers.o
 .text.prvCheckForValidListAndQueue
                0x0800bb94       0x80 ./Middlewares/Third_Party/FreeRTOS/Source/timers.o
 .text.pxPortInitialiseStack
                0x0800bc14       0x58 ./Middlewares/Third_Party/FreeRTOS/Source/portable/GCC/ARM_CM3/port.o
                0x0800bc14                pxPortInitialiseStack
 .text.prvTaskExitError
                0x0800bc6c       0x58 ./Middlewares/Third_Party/FreeRTOS/Source/portable/GCC/ARM_CM3/port.o
 *fill*         0x0800bcc4        0xc 
 .text.SVC_Handler
                0x0800bcd0       0x28 ./Middlewares/Third_Party/FreeRTOS/Source/portable/GCC/ARM_CM3/port.o
                0x0800bcd0                SVC_Handler
 .text.prvPortStartFirstTask
                0x0800bcf8       0x20 ./Middlewares/Third_Party/FreeRTOS/Source/portable/GCC/ARM_CM3/port.o
 .text.xPortStartScheduler
                0x0800bd18       0xe4 ./Middlewares/Third_Party/FreeRTOS/Source/portable/GCC/ARM_CM3/port.o
                0x0800bd18                xPortStartScheduler
 .text.vPortEnterCritical
                0x0800bdfc       0x60 ./Middlewares/Third_Party/FreeRTOS/Source/portable/GCC/ARM_CM3/port.o
                0x0800bdfc                vPortEnterCritical
 .text.vPortExitCritical
                0x0800be5c       0x54 ./Middlewares/Third_Party/FreeRTOS/Source/portable/GCC/ARM_CM3/port.o
                0x0800be5c                vPortExitCritical
 .text.PendSV_Handler
                0x0800beb0       0x48 ./Middlewares/Third_Party/FreeRTOS/Source/portable/GCC/ARM_CM3/port.o
                0x0800beb0                PendSV_Handler
 .text.xPortSysTickHandler
                0x0800bef8       0x44 ./Middlewares/Third_Party/FreeRTOS/Source/portable/GCC/ARM_CM3/port.o
                0x0800bef8                xPortSysTickHandler
 .text.vPortSetupTimerInterrupt
                0x0800bf3c       0x44 ./Middlewares/Third_Party/FreeRTOS/Source/portable/GCC/ARM_CM3/port.o
                0x0800bf3c                vPortSetupTimerInterrupt
 .text.vPortValidateInterruptPriority
                0x0800bf80       0x80 ./Middlewares/Third_Party/FreeRTOS/Source/portable/GCC/ARM_CM3/port.o
                0x0800bf80                vPortValidateInterruptPriority
 .text.pvPortMalloc
                0x0800c000      0x19c ./Middlewares/Third_Party/FreeRTOS/Source/portable/MemMang/heap_4.o
                0x0800c000                pvPortMalloc
 .text.vPortFree
                0x0800c19c       0xc8 ./Middlewares/Third_Party/FreeRTOS/Source/portable/MemMang/heap_4.o
                0x0800c19c                vPortFree
 .text.prvHeapInit
                0x0800c264       0xc4 ./Middlewares/Third_Party/FreeRTOS/Source/portable/MemMang/heap_4.o
 .text.prvInsertBlockIntoFreeList
                0x0800c328       0xb0 ./Middlewares/Third_Party/FreeRTOS/Source/portable/MemMang/heap_4.o
 .text.BMP280_Init
                0x0800c3d8      0x39c ./hardware/source/BMP280.o
                0x0800c3d8                BMP280_Init
 .text.BMP280_ReadID
                0x0800c774       0x2c ./hardware/source/BMP280.o
                0x0800c774                BMP280_ReadID
 .text.BMP280_ReadTemp
                0x0800c7a0       0x80 ./hardware/source/BMP280.o
                0x0800c7a0                BMP280_ReadTemp
 .text.BMP280_ReadPress
                0x0800c820       0x80 ./hardware/source/BMP280.o
                0x0800c820                BMP280_ReadPress
 .text.BMP280_compensate_T
                0x0800c8a0      0x184 ./hardware/source/BMP280.o
                0x0800c8a0                BMP280_compensate_T
 *fill*         0x0800ca24        0x4 
 .text.BMP280_compensate_P
                0x0800ca28      0x334 ./hardware/source/BMP280.o
                0x0800ca28                BMP280_compensate_P
 .text.DS18B20_Init
                0x0800cd5c       0x54 ./hardware/source/DS18B20.o
                0x0800cd5c                DS18B20_Init
 .text.DS18B20_WriteByte
                0x0800cdb0       0x70 ./hardware/source/DS18B20.o
                0x0800cdb0                DS18B20_WriteByte
 .text.DS18B20_ReadByte
                0x0800ce20       0x74 ./hardware/source/DS18B20.o
                0x0800ce20                DS18B20_ReadByte
 .text.DS18B20_ReadTemperature
                0x0800ce94       0x7e ./hardware/source/DS18B20.o
                0x0800ce94                DS18B20_ReadTemperature
 .text.MPU6050_ReadReg
                0x0800cf12       0x4e ./hardware/source/MPU6050.o
                0x0800cf12                MPU6050_ReadReg
 .text.MPU6050_GetData
                0x0800cf60      0x1a0 ./hardware/source/MPU6050.o
                0x0800cf60                MPU6050_GetData
 .text.MyI2C_W_SCL
                0x0800d100       0x28 ./hardware/source/MYIIC.o
                0x0800d100                MyI2C_W_SCL
 .text.MyI2C_W_SDA
                0x0800d128       0x28 ./hardware/source/MYIIC.o
                0x0800d128                MyI2C_W_SDA
 .text.MyI2C_R_SDA
                0x0800d150       0x28 ./hardware/source/MYIIC.o
                0x0800d150                MyI2C_R_SDA
 .text.MyI2C_Start
                0x0800d178       0x20 ./hardware/source/MYIIC.o
                0x0800d178                MyI2C_Start
 .text.MyI2C_Stop
                0x0800d198       0x1a ./hardware/source/MYIIC.o
                0x0800d198                MyI2C_Stop
 .text.MyI2C_SendByte
                0x0800d1b2       0x4c ./hardware/source/MYIIC.o
                0x0800d1b2                MyI2C_SendByte
 .text.MyI2C_ReceiveByte
                0x0800d1fe       0x56 ./hardware/source/MYIIC.o
                0x0800d1fe                MyI2C_ReceiveByte
 .text.MyI2C_SendAck
                0x0800d254       0x26 ./hardware/source/MYIIC.o
                0x0800d254                MyI2C_SendAck
 .text.MyI2C_ReceiveAck
                0x0800d27a       0x2a ./hardware/source/MYIIC.o
                0x0800d27a                MyI2C_ReceiveAck
 .text.WriteCmd
                0x0800d2a4       0x30 ./hardware/source/OLED.o
                0x0800d2a4                WriteCmd
 .text.WriteDat
                0x0800d2d4       0x30 ./hardware/source/OLED.o
                0x0800d2d4                WriteDat
 .text.OLED_Init
                0x0800d304       0xb6 ./hardware/source/OLED.o
                0x0800d304                OLED_Init
 .text.OLED_SetPos
                0x0800d3ba       0x4e ./hardware/source/OLED.o
                0x0800d3ba                OLED_SetPos
 .text.OLED_Fill
                0x0800d408       0x5a ./hardware/source/OLED.o
                0x0800d408                OLED_Fill
 .text.OLED_CLS
                0x0800d462        0xe ./hardware/source/OLED.o
                0x0800d462                OLED_CLS
 .text.OLED_ON  0x0800d470       0x1a ./hardware/source/OLED.o
                0x0800d470                OLED_ON
 .text.OLED_OFF
                0x0800d48a       0x1a ./hardware/source/OLED.o
                0x0800d48a                OLED_OFF
 .text.OLED_ShowStr
                0x0800d4a4      0x148 ./hardware/source/OLED.o
                0x0800d4a4                OLED_ShowStr
 .text.OLED_ShowCN
                0x0800d5ec       0x94 ./hardware/source/OLED.o
                0x0800d5ec                OLED_ShowCN
 .text.OLED_ShowCN_STR
                0x0800d680       0x58 ./hardware/source/OLED.o
                0x0800d680                OLED_ShowCN_STR
 .text.RTC_EnterInitMode
                0x0800d6d8       0x50 ./hardware/source/clock.o
 .text.RTC_ExitInitMode
                0x0800d728       0x50 ./hardware/source/clock.o
 .text.RTC_ReadTimeCounter
                0x0800d778       0x60 ./hardware/source/clock.o
 .text.RTC_WriteTimeCounter
                0x0800d7d8       0x4e ./hardware/source/clock.o
 *fill*         0x0800d826        0x2 
 .text.Clock_RTC_SetTime
                0x0800d828       0x2c ./hardware/source/clock.o
                0x0800d828                Clock_RTC_SetTime
 .text.Clock_RTC_GetTime
                0x0800d854       0x30 ./hardware/source/clock.o
                0x0800d854                Clock_RTC_GetTime
 .text.Clock_RTC_Init
                0x0800d884       0x70 ./hardware/source/clock.o
                0x0800d884                Clock_RTC_Init
 .text.Delay_us
                0x0800d8f4       0x30 ./hardware/source/common.o
                0x0800d8f4                Delay_us
 .text.Delay_Us
                0x0800d924       0x30 ./hardware/source/common.o
                0x0800d924                Delay_Us
 .text.Flash_Storage_Erase_Sector7
                0x0800d954       0x5c ./hardware/source/flash_storage.o
                0x0800d954                Flash_Storage_Erase_Sector7
 .text.Flash_Storage_Write_Thresh
                0x0800d9b0       0x98 ./hardware/source/flash_storage.o
                0x0800d9b0                Flash_Storage_Write_Thresh
 .text.Flash_Storage_Read_Latest_Thresh
                0x0800da48       0xac ./hardware/source/flash_storage.o
                0x0800da48                Flash_Storage_Read_Latest_Thresh
 .text.rand     0x0800daf4       0x7c D:/STM32CubeIDE_2.0.0/STM32CubeIDE/plugins/com.st.stm32cube.ide.mcu.externaltools.gnu-tools-for-stm32.13.3.rel1.win32_1.0.100.202509120712/tools/bin/../lib/gcc/arm-none-eabi/13.3.1/../../../../arm-none-eabi/lib/thumb/v7-m/nofp\libc_nano.a(libc_a-rand.o)
                0x0800daf4                rand
 .text.__cvt    0x0800db70       0xc8 D:/STM32CubeIDE_2.0.0/STM32CubeIDE/plugins/com.st.stm32cube.ide.mcu.externaltools.gnu-tools-for-stm32.13.3.rel1.win32_1.0.100.202509120712/tools/bin/../lib/gcc/arm-none-eabi/13.3.1/../../../../arm-none-eabi/lib/thumb/v7-m/nofp\libc_nano.a(libc_a-nano-vfprintf_float.o)
                0x0800db70                __cvt
 .text.__exponent
                0x0800dc38       0x74 D:/STM32CubeIDE_2.0.0/STM32CubeIDE/plugins/com.st.stm32cube.ide.mcu.externaltools.gnu-tools-for-stm32.13.3.rel1.win32_1.0.100.202509120712/tools/bin/../lib/gcc/arm-none-eabi/13.3.1/../../../../arm-none-eabi/lib/thumb/v7-m/nofp\libc_nano.a(libc_a-nano-vfprintf_float.o)
                0x0800dc38                __exponent
 .text._printf_float
                0x0800dcac      0x458 D:/STM32CubeIDE_2.0.0/STM32CubeIDE/plugins/com.st.stm32cube.ide.mcu.externaltools.gnu-tools-for-stm32.13.3.rel1.win32_1.0.100.202509120712/tools/bin/../lib/gcc/arm-none-eabi/13.3.1/../../../../arm-none-eabi/lib/thumb/v7-m/nofp\libc_nano.a(libc_a-nano-vfprintf_float.o)
                0x0800dcac                _printf_float
 .text._printf_common
                0x0800e104       0xe4 D:/STM32CubeIDE_2.0.0/STM32CubeIDE/plugins/com.st.stm32cube.ide.mcu.externaltools.gnu-tools-for-stm32.13.3.rel1.win32_1.0.100.202509120712/tools/bin/../lib/gcc/arm-none-eabi/13.3.1/../../../../arm-none-eabi/lib/thumb/v7-m/nofp\libc_nano.a(libc_a-nano-vfprintf_i.o)
                0x0800e104                _printf_common
 .text._printf_i
                0x0800e1e8      0x23c D:/STM32CubeIDE_2.0.0/STM32CubeIDE/plugins/com.st.stm32cube.ide.mcu.externaltools.gnu-tools-for-stm32.13.3.rel1.win32_1.0.100.202509120712/tools/bin/../lib/gcc/arm-none-eabi/13.3.1/../../../../arm-none-eabi/lib/thumb/v7-m/nofp\libc_nano.a(libc_a-nano-vfprintf_i.o)
                0x0800e1e8                _printf_i
 .text._scanf_float
                0x0800e424      0x414 D:/STM32CubeIDE_2.0.0/STM32CubeIDE/plugins/com.st.stm32cube.ide.mcu.externaltools.gnu-tools-for-stm32.13.3.rel1.win32_1.0.100.202509120712/tools/bin/../lib/gcc/arm-none-eabi/13.3.1/../../../../arm-none-eabi/lib/thumb/v7-m/nofp\libc_nano.a(libc_a-nano-vfscanf_float.o)
                0x0800e424                _scanf_float
 .text.std      0x0800e838       0x6c D:/STM32CubeIDE_2.0.0/STM32CubeIDE/plugins/com.st.stm32cube.ide.mcu.externaltools.gnu-tools-for-stm32.13.3.rel1.win32_1.0.100.202509120712/tools/bin/../lib/gcc/arm-none-eabi/13.3.1/../../../../arm-none-eabi/lib/thumb/v7-m/nofp\libc_nano.a(libc_a-findfp.o)
 .text.stdio_exit_handler
                0x0800e8a4       0x18 D:/STM32CubeIDE_2.0.0/STM32CubeIDE/plugins/com.st.stm32cube.ide.mcu.externaltools.gnu-tools-for-stm32.13.3.rel1.win32_1.0.100.202509120712/tools/bin/../lib/gcc/arm-none-eabi/13.3.1/../../../../arm-none-eabi/lib/thumb/v7-m/nofp\libc_nano.a(libc_a-findfp.o)
 .text.cleanup_stdio
                0x0800e8bc       0x40 D:/STM32CubeIDE_2.0.0/STM32CubeIDE/plugins/com.st.stm32cube.ide.mcu.externaltools.gnu-tools-for-stm32.13.3.rel1.win32_1.0.100.202509120712/tools/bin/../lib/gcc/arm-none-eabi/13.3.1/../../../../arm-none-eabi/lib/thumb/v7-m/nofp\libc_nano.a(libc_a-findfp.o)
 .text.global_stdio_init.part.0
                0x0800e8fc       0x3c D:/STM32CubeIDE_2.0.0/STM32CubeIDE/plugins/com.st.stm32cube.ide.mcu.externaltools.gnu-tools-for-stm32.13.3.rel1.win32_1.0.100.202509120712/tools/bin/../lib/gcc/arm-none-eabi/13.3.1/../../../../arm-none-eabi/lib/thumb/v7-m/nofp\libc_nano.a(libc_a-findfp.o)
 .text.__sfp_lock_acquire
                0x0800e938        0xc D:/STM32CubeIDE_2.0.0/STM32CubeIDE/plugins/com.st.stm32cube.ide.mcu.externaltools.gnu-tools-for-stm32.13.3.rel1.win32_1.0.100.202509120712/tools/bin/../lib/gcc/arm-none-eabi/13.3.1/../../../../arm-none-eabi/lib/thumb/v7-m/nofp\libc_nano.a(libc_a-findfp.o)
                0x0800e938                __sfp_lock_acquire
 .text.__sfp_lock_release
                0x0800e944        0xc D:/STM32CubeIDE_2.0.0/STM32CubeIDE/plugins/com.st.stm32cube.ide.mcu.externaltools.gnu-tools-for-stm32.13.3.rel1.win32_1.0.100.202509120712/tools/bin/../lib/gcc/arm-none-eabi/13.3.1/../../../../arm-none-eabi/lib/thumb/v7-m/nofp\libc_nano.a(libc_a-findfp.o)
                0x0800e944                __sfp_lock_release
 .text.__sinit  0x0800e950       0x30 D:/STM32CubeIDE_2.0.0/STM32CubeIDE/plugins/com.st.stm32cube.ide.mcu.externaltools.gnu-tools-for-stm32.13.3.rel1.win32_1.0.100.202509120712/tools/bin/../lib/gcc/arm-none-eabi/13.3.1/../../../../arm-none-eabi/lib/thumb/v7-m/nofp\libc_nano.a(libc_a-findfp.o)
                0x0800e950                __sinit
 .text._fwalk_sglue
                0x0800e980       0x3c D:/STM32CubeIDE_2.0.0/STM32CubeIDE/plugins/com.st.stm32cube.ide.mcu.externaltools.gnu-tools-for-stm32.13.3.rel1.win32_1.0.100.202509120712/tools/bin/../lib/gcc/arm-none-eabi/13.3.1/../../../../arm-none-eabi/lib/thumb/v7-m/nofp\libc_nano.a(libc_a-fwalk.o)
                0x0800e980                _fwalk_sglue
 .text.snprintf
                0x0800e9bc       0x6c D:/STM32CubeIDE_2.0.0/STM32CubeIDE/plugins/com.st.stm32cube.ide.mcu.externaltools.gnu-tools-for-stm32.13.3.rel1.win32_1.0.100.202509120712/tools/bin/../lib/gcc/arm-none-eabi/13.3.1/../../../../arm-none-eabi/lib/thumb/v7-m/nofp\libc_nano.a(libc_a-snprintf.o)
                0x0800e9bc                sniprintf
                0x0800e9bc                snprintf
 .text.sprintf  0x0800ea28       0x44 D:/STM32CubeIDE_2.0.0/STM32CubeIDE/plugins/com.st.stm32cube.ide.mcu.externaltools.gnu-tools-for-stm32.13.3.rel1.win32_1.0.100.202509120712/tools/bin/../lib/gcc/arm-none-eabi/13.3.1/../../../../arm-none-eabi/lib/thumb/v7-m/nofp\libc_nano.a(libc_a-sprintf.o)
                0x0800ea28                siprintf
                0x0800ea28                sprintf
 .text.sscanf   0x0800ea6c       0x58 D:/STM32CubeIDE_2.0.0/STM32CubeIDE/plugins/com.st.stm32cube.ide.mcu.externaltools.gnu-tools-for-stm32.13.3.rel1.win32_1.0.100.202509120712/tools/bin/../lib/gcc/arm-none-eabi/13.3.1/../../../../arm-none-eabi/lib/thumb/v7-m/nofp\libc_nano.a(libc_a-sscanf.o)
                0x0800ea6c                siscanf
                0x0800ea6c                sscanf
 .text.__sread  0x0800eac4       0x22 D:/STM32CubeIDE_2.0.0/STM32CubeIDE/plugins/com.st.stm32cube.ide.mcu.externaltools.gnu-tools-for-stm32.13.3.rel1.win32_1.0.100.202509120712/tools/bin/../lib/gcc/arm-none-eabi/13.3.1/../../../../arm-none-eabi/lib/thumb/v7-m/nofp\libc_nano.a(libc_a-stdio.o)
                0x0800eac4                __sread
 .text.__seofread
                0x0800eae6        0x4 D:/STM32CubeIDE_2.0.0/STM32CubeIDE/plugins/com.st.stm32cube.ide.mcu.externaltools.gnu-tools-for-stm32.13.3.rel1.win32_1.0.100.202509120712/tools/bin/../lib/gcc/arm-none-eabi/13.3.1/../../../../arm-none-eabi/lib/thumb/v7-m/nofp\libc_nano.a(libc_a-stdio.o)
                0x0800eae6                __seofread
 .text.__swrite
                0x0800eaea       0x38 D:/STM32CubeIDE_2.0.0/STM32CubeIDE/plugins/com.st.stm32cube.ide.mcu.externaltools.gnu-tools-for-stm32.13.3.rel1.win32_1.0.100.202509120712/tools/bin/../lib/gcc/arm-none-eabi/13.3.1/../../../../arm-none-eabi/lib/thumb/v7-m/nofp\libc_nano.a(libc_a-stdio.o)
                0x0800eaea                __swrite
 .text.__sseek  0x0800eb22       0x24 D:/STM32CubeIDE_2.0.0/STM32CubeIDE/plugins/com.st.stm32cube.ide.mcu.externaltools.gnu-tools-for-stm32.13.3.rel1.win32_1.0.100.202509120712/tools/bin/../lib/gcc/arm-none-eabi/13.3.1/../../../../arm-none-eabi/lib/thumb/v7-m/nofp\libc_nano.a(libc_a-stdio.o)
                0x0800eb22                __sseek
 .text.__sclose
                0x0800eb46        0x8 D:/STM32CubeIDE_2.0.0/STM32CubeIDE/plugins/com.st.stm32cube.ide.mcu.externaltools.gnu-tools-for-stm32.13.3.rel1.win32_1.0.100.202509120712/tools/bin/../lib/gcc/arm-none-eabi/13.3.1/../../../../arm-none-eabi/lib/thumb/v7-m/nofp\libc_nano.a(libc_a-stdio.o)
                0x0800eb46                __sclose
 .text.memset   0x0800eb4e       0x10 D:/STM32CubeIDE_2.0.0/STM32CubeIDE/plugins/com.st.stm32cube.ide.mcu.externaltools.gnu-tools-for-stm32.13.3.rel1.win32_1.0.100.202509120712/tools/bin/../lib/gcc/arm-none-eabi/13.3.1/../../../../arm-none-eabi/lib/thumb/v7-m/nofp\libc_nano.a(libc_a-memset.o)
                0x0800eb4e                memset
 .text.strchr   0x0800eb5e       0x1a D:/STM32CubeIDE_2.0.0/STM32CubeIDE/plugins/com.st.stm32cube.ide.mcu.externaltools.gnu-tools-for-stm32.13.3.rel1.win32_1.0.100.202509120712/tools/bin/../lib/gcc/arm-none-eabi/13.3.1/../../../../arm-none-eabi/lib/thumb/v7-m/nofp\libc_nano.a(libc_a-strchr.o)
                0x0800eb5e                strchr
 .text.strcspn  0x0800eb78       0x22 D:/STM32CubeIDE_2.0.0/STM32CubeIDE/plugins/com.st.stm32cube.ide.mcu.externaltools.gnu-tools-for-stm32.13.3.rel1.win32_1.0.100.202509120712/tools/bin/../lib/gcc/arm-none-eabi/13.3.1/../../../../arm-none-eabi/lib/thumb/v7-m/nofp\libc_nano.a(libc_a-strcspn.o)
                0x0800eb78                strcspn
 .text.strncpy  0x0800eb9a       0x26 D:/STM32CubeIDE_2.0.0/STM32CubeIDE/plugins/com.st.stm32cube.ide.mcu.externaltools.gnu-tools-for-stm32.13.3.rel1.win32_1.0.100.202509120712/tools/bin/../lib/gcc/arm-none-eabi/13.3.1/../../../../arm-none-eabi/lib/thumb/v7-m/nofp\libc_nano.a(libc_a-strncpy.o)
                0x0800eb9a                strncpy
 .text.strtok   0x0800ebc0       0x68 D:/STM32CubeIDE_2.0.0/STM32CubeIDE/plugins/com.st.stm32cube.ide.mcu.externaltools.gnu-tools-for-stm32.13.3.rel1.win32_1.0.100.202509120712/tools/bin/../lib/gcc/arm-none-eabi/13.3.1/../../../../arm-none-eabi/lib/thumb/v7-m/nofp\libc_nano.a(libc_a-strtok.o)
                0x0800ebc0                strtok
 .text.__strtok_r
                0x0800ec28       0x50 D:/STM32CubeIDE_2.0.0/STM32CubeIDE/plugins/com.st.stm32cube.ide.mcu.externaltools.gnu-tools-for-stm32.13.3.rel1.win32_1.0.100.202509120712/tools/bin/../lib/gcc/arm-none-eabi/13.3.1/../../../../arm-none-eabi/lib/thumb/v7-m/nofp\libc_nano.a(libc_a-strtok_r.o)
                0x0800ec28                __strtok_r
 .text.strstr   0x0800ec78       0x2c D:/STM32CubeIDE_2.0.0/STM32CubeIDE/plugins/com.st.stm32cube.ide.mcu.externaltools.gnu-tools-for-stm32.13.3.rel1.win32_1.0.100.202509120712/tools/bin/../lib/gcc/arm-none-eabi/13.3.1/../../../../arm-none-eabi/lib/thumb/v7-m/nofp\libc_nano.a(libc_a-strstr.o)
                0x0800ec78                strstr
 .text.gmtime   0x0800eca4       0x3c D:/STM32CubeIDE_2.0.0/STM32CubeIDE/plugins/com.st.stm32cube.ide.mcu.externaltools.gnu-tools-for-stm32.13.3.rel1.win32_1.0.100.202509120712/tools/bin/../lib/gcc/arm-none-eabi/13.3.1/../../../../arm-none-eabi/lib/thumb/v7-m/nofp\libc_nano.a(libc_a-gmtime.o)
                0x0800eca4                gmtime
 .text.gmtime_r
                0x0800ece0      0x150 D:/STM32CubeIDE_2.0.0/STM32CubeIDE/plugins/com.st.stm32cube.ide.mcu.externaltools.gnu-tools-for-stm32.13.3.rel1.win32_1.0.100.202509120712/tools/bin/../lib/gcc/arm-none-eabi/13.3.1/../../../../arm-none-eabi/lib/thumb/v7-m/nofp\libc_nano.a(libc_a-gmtime_r.o)
                0x0800ece0                gmtime_r
 .text.validate_structure
                0x0800ee30      0x1a8 D:/STM32CubeIDE_2.0.0/STM32CubeIDE/plugins/com.st.stm32cube.ide.mcu.externaltools.gnu-tools-for-stm32.13.3.rel1.win32_1.0.100.202509120712/tools/bin/../lib/gcc/arm-none-eabi/13.3.1/../../../../arm-none-eabi/lib/thumb/v7-m/nofp\libc_nano.a(libc_a-mktime.o)
 .text.mktime   0x0800efd8      0x370 D:/STM32CubeIDE_2.0.0/STM32CubeIDE/plugins/com.st.stm32cube.ide.mcu.externaltools.gnu-tools-for-stm32.13.3.rel1.win32_1.0.100.202509120712/tools/bin/../lib/gcc/arm-none-eabi/13.3.1/../../../../arm-none-eabi/lib/thumb/v7-m/nofp\libc_nano.a(libc_a-mktime.o)
                0x0800efd8                mktime
 .text.__tzcalc_limits
                0x0800f348      0x164 D:/STM32CubeIDE_2.0.0/STM32CubeIDE/plugins/com.st.stm32cube.ide.mcu.externaltools.gnu-tools-for-stm32.13.3.rel1.win32_1.0.100.202509120712/tools/bin/../lib/gcc/arm-none-eabi/13.3.1/../../../../arm-none-eabi/lib/thumb/v7-m/nofp\libc_nano.a(libc_a-tzcalc_limits.o)
                0x0800f348                __tzcalc_limits
 .text.__tz_lock
                0x0800f4ac        0xc D:/STM32CubeIDE_2.0.0/STM32CubeIDE/plugins/com.st.stm32cube.ide.mcu.externaltools.gnu-tools-for-stm32.13.3.rel1.win32_1.0.100.202509120712/tools/bin/../lib/gcc/arm-none-eabi/13.3.1/../../../../arm-none-eabi/lib/thumb/v7-m/nofp\libc_nano.a(libc_a-tzlock.o)
                0x0800f4ac                __tz_lock
 .text.__tz_unlock
                0x0800f4b8        0xc D:/STM32CubeIDE_2.0.0/STM32CubeIDE/plugins/com.st.stm32cube.ide.mcu.externaltools.gnu-tools-for-stm32.13.3.rel1.win32_1.0.100.202509120712/tools/bin/../lib/gcc/arm-none-eabi/13.3.1/../../../../arm-none-eabi/lib/thumb/v7-m/nofp\libc_nano.a(libc_a-tzlock.o)
                0x0800f4b8                __tz_unlock
 .text._tzset_unlocked
                0x0800f4c4        0xc D:/STM32CubeIDE_2.0.0/STM32CubeIDE/plugins/com.st.stm32cube.ide.mcu.externaltools.gnu-tools-for-stm32.13.3.rel1.win32_1.0.100.202509120712/tools/bin/../lib/gcc/arm-none-eabi/13.3.1/../../../../arm-none-eabi/lib/thumb/v7-m/nofp\libc_nano.a(libc_a-tzset.o)
                0x0800f4c4                _tzset_unlocked
 .text._tzset_unlocked_r
                0x0800f4d0      0x448 D:/STM32CubeIDE_2.0.0/STM32CubeIDE/plugins/com.st.stm32cube.ide.mcu.externaltools.gnu-tools-for-stm32.13.3.rel1.win32_1.0.100.202509120712/tools/bin/../lib/gcc/arm-none-eabi/13.3.1/../../../../arm-none-eabi/lib/thumb/v7-m/nofp\libc_nano.a(libc_a-tzset_r.o)
                0x0800f4d0                _tzset_unlocked_r
 .text._localeconv_r
                0x0800f918        0x8 D:/STM32CubeIDE_2.0.0/STM32CubeIDE/plugins/com.st.stm32cube.ide.mcu.externaltools.gnu-tools-for-stm32.13.3.rel1.win32_1.0.100.202509120712/tools/bin/../lib/gcc/arm-none-eabi/13.3.1/../../../../arm-none-eabi/lib/thumb/v7-m/nofp\libc_nano.a(libc_a-localeconv.o)
                0x0800f918                _localeconv_r
 .text._close_r
                0x0800f920       0x20 D:/STM32CubeIDE_2.0.0/STM32CubeIDE/plugins/com.st.stm32cube.ide.mcu.externaltools.gnu-tools-for-stm32.13.3.rel1.win32_1.0.100.202509120712/tools/bin/../lib/gcc/arm-none-eabi/13.3.1/../../../../arm-none-eabi/lib/thumb/v7-m/nofp\libc_nano.a(libc_a-closer.o)
                0x0800f920                _close_r
 .text._reclaim_reent
                0x0800f940       0xbc D:/STM32CubeIDE_2.0.0/STM32CubeIDE/plugins/com.st.stm32cube.ide.mcu.externaltools.gnu-tools-for-stm32.13.3.rel1.win32_1.0.100.202509120712/tools/bin/../lib/gcc/arm-none-eabi/13.3.1/../../../../arm-none-eabi/lib/thumb/v7-m/nofp\libc_nano.a(libc_a-reent.o)
                0x0800f940                _reclaim_reent
 .text._lseek_r
                0x0800f9fc       0x24 D:/STM32CubeIDE_2.0.0/STM32CubeIDE/plugins/com.st.stm32cube.ide.mcu.externaltools.gnu-tools-for-stm32.13.3.rel1.win32_1.0.100.202509120712/tools/bin/../lib/gcc/arm-none-eabi/13.3.1/../../../../arm-none-eabi/lib/thumb/v7-m/nofp\libc_nano.a(libc_a-lseekr.o)
                0x0800f9fc                _lseek_r
 .text._read_r  0x0800fa20       0x24 D:/STM32CubeIDE_2.0.0/STM32CubeIDE/plugins/com.st.stm32cube.ide.mcu.externaltools.gnu-tools-for-stm32.13.3.rel1.win32_1.0.100.202509120712/tools/bin/../lib/gcc/arm-none-eabi/13.3.1/../../../../arm-none-eabi/lib/thumb/v7-m/nofp\libc_nano.a(libc_a-readr.o)
                0x0800fa20                _read_r
 .text._write_r
                0x0800fa44       0x24 D:/STM32CubeIDE_2.0.0/STM32CubeIDE/plugins/com.st.stm32cube.ide.mcu.externaltools.gnu-tools-for-stm32.13.3.rel1.win32_1.0.100.202509120712/tools/bin/../lib/gcc/arm-none-eabi/13.3.1/../../../../arm-none-eabi/lib/thumb/v7-m/nofp\libc_nano.a(libc_a-writer.o)
                0x0800fa44                _write_r
 .text.__errno  0x0800fa68        0xc D:/STM32CubeIDE_2.0.0/STM32CubeIDE/plugins/com.st.stm32cube.ide.mcu.externaltools.gnu-tools-for-stm32.13.3.rel1.win32_1.0.100.202509120712/tools/bin/../lib/gcc/arm-none-eabi/13.3.1/../../../../arm-none-eabi/lib/thumb/v7-m/nofp\libc_nano.a(libc_a-errno.o)
                0x0800fa68                __errno
 .text.__libc_init_array
                0x0800fa74       0x48 D:/STM32CubeIDE_2.0.0/STM32CubeIDE/plugins/com.st.stm32cube.ide.mcu.externaltools.gnu-tools-for-stm32.13.3.rel1.win32_1.0.100.202509120712/tools/bin/../lib/gcc/arm-none-eabi/13.3.1/../../../../arm-none-eabi/lib/thumb/v7-m/nofp\libc_nano.a(libc_a-init.o)
                0x0800fa74                __libc_init_array
 .text.__retarget_lock_init_recursive
                0x0800fabc        0x2 D:/STM32CubeIDE_2.0.0/STM32CubeIDE/plugins/com.st.stm32cube.ide.mcu.externaltools.gnu-tools-for-stm32.13.3.rel1.win32_1.0.100.202509120712/tools/bin/../lib/gcc/arm-none-eabi/13.3.1/../../../../arm-none-eabi/lib/thumb/v7-m/nofp\libc_nano.a(libc_a-lock.o)
                0x0800fabc                __retarget_lock_init_recursive
 .text.__retarget_lock_acquire
                0x0800fabe        0x2 D:/STM32CubeIDE_2.0.0/STM32CubeIDE/plugins/com.st.stm32cube.ide.mcu.externaltools.gnu-tools-for-stm32.13.3.rel1.win32_1.0.100.202509120712/tools/bin/../lib/gcc/arm-none-eabi/13.3.1/../../../../arm-none-eabi/lib/thumb/v7-m/nofp\libc_nano.a(libc_a-lock.o)
                0x0800fabe                __retarget_lock_acquire
 .text.__retarget_lock_acquire_recursive
                0x0800fac0        0x2 D:/STM32CubeIDE_2.0.0/STM32CubeIDE/plugins/com.st.stm32cube.ide.mcu.externaltools.gnu-tools-for-stm32.13.3.rel1.win32_1.0.100.202509120712/tools/bin/../lib/gcc/arm-none-eabi/13.3.1/../../../../arm-none-eabi/lib/thumb/v7-m/nofp\libc_nano.a(libc_a-lock.o)
                0x0800fac0                __retarget_lock_acquire_recursive
 .text.__retarget_lock_release
                0x0800fac2        0x2 D:/STM32CubeIDE_2.0.0/STM32CubeIDE/plugins/com.st.stm32cube.ide.mcu.externaltools.gnu-tools-for-stm32.13.3.rel1.win32_1.0.100.202509120712/tools/bin/../lib/gcc/arm-none-eabi/13.3.1/../../../../arm-none-eabi/lib/thumb/v7-m/nofp\libc_nano.a(libc_a-lock.o)
                0x0800fac2                __retarget_lock_release
 .text.__retarget_lock_release_recursive
                0x0800fac4        0x2 D:/STM32CubeIDE_2.0.0/STM32CubeIDE/plugins/com.st.stm32cube.ide.mcu.externaltools.gnu-tools-for-stm32.13.3.rel1.win32_1.0.100.202509120712/tools/bin/../lib/gcc/arm-none-eabi/13.3.1/../../../../arm-none-eabi/lib/thumb/v7-m/nofp\libc_nano.a(libc_a-lock.o)
                0x0800fac4                __retarget_lock_release_recursive
 .text.strcpy   0x0800fac6       0x10 D:/STM32CubeIDE_2.0.0/STM32CubeIDE/plugins/com.st.stm32cube.ide.mcu.externaltools.gnu-tools-for-stm32.13.3.rel1.win32_1.0.100.202509120712/tools/bin/../lib/gcc/arm-none-eabi/13.3.1/../../../../arm-none-eabi/lib/thumb/v7-m/nofp\libc_nano.a(libc_a-strcpy.o)
                0x0800fac6                strcpy
 .text.memchr   0x0800fad6       0x1c D:/STM32CubeIDE_2.0.0/STM32CubeIDE/plugins/com.st.stm32cube.ide.mcu.externaltools.gnu-tools-for-stm32.13.3.rel1.win32_1.0.100.202509120712/tools/bin/../lib/gcc/arm-none-eabi/13.3.1/../../../../arm-none-eabi/lib/thumb/v7-m/nofp\libc_nano.a(libc_a-memchr-stub.o)
                0x0800fad6                memchr
 .text.memcpy   0x0800faf2       0x1c D:/STM32CubeIDE_2.0.0/STM32CubeIDE/plugins/com.st.stm32cube.ide.mcu.externaltools.gnu-tools-for-stm32.13.3.rel1.win32_1.0.100.202509120712/tools/bin/../lib/gcc/arm-none-eabi/13.3.1/../../../../arm-none-eabi/lib/thumb/v7-m/nofp\libc_nano.a(libc_a-memcpy-stub.o)
                0x0800faf2                memcpy
 *fill*         0x0800fb0e        0x2 
 .text.nanf     0x0800fb10        0x8 D:/STM32CubeIDE_2.0.0/STM32CubeIDE/plugins/com.st.stm32cube.ide.mcu.externaltools.gnu-tools-for-stm32.13.3.rel1.win32_1.0.100.202509120712/tools/bin/../lib/gcc/arm-none-eabi/13.3.1/../../../../arm-none-eabi/lib/thumb/v7-m/nofp\libc_nano.a(libm_a-sf_nan.o)
                0x0800fb10                nanf
 .text.__assert_func
                0x0800fb18       0x3c D:/STM32CubeIDE_2.0.0/STM32CubeIDE/plugins/com.st.stm32cube.ide.mcu.externaltools.gnu-tools-for-stm32.13.3.rel1.win32_1.0.100.202509120712/tools/bin/../lib/gcc/arm-none-eabi/13.3.1/../../../../arm-none-eabi/lib/thumb/v7-m/nofp\libc_nano.a(libc_a-assert.o)
                0x0800fb18                __assert_func
 .text.div      0x0800fb54       0x10 D:/STM32CubeIDE_2.0.0/STM32CubeIDE/plugins/com.st.stm32cube.ide.mcu.externaltools.gnu-tools-for-stm32.13.3.rel1.win32_1.0.100.202509120712/tools/bin/../lib/gcc/arm-none-eabi/13.3.1/../../../../arm-none-eabi/lib/thumb/v7-m/nofp\libc_nano.a(libc_a-div.o)
                0x0800fb54                div
 .text.quorem   0x0800fb64      0x110 D:/STM32CubeIDE_2.0.0/STM32CubeIDE/plugins/com.st.stm32cube.ide.mcu.externaltools.gnu-tools-for-stm32.13.3.rel1.win32_1.0.100.202509120712/tools/bin/../lib/gcc/arm-none-eabi/13.3.1/../../../../arm-none-eabi/lib/thumb/v7-m/nofp\libc_nano.a(libc_a-dtoa.o)
 *fill*         0x0800fc74        0x4 
 .text._dtoa_r  0x0800fc78      0xba8 D:/STM32CubeIDE_2.0.0/STM32CubeIDE/plugins/com.st.stm32cube.ide.mcu.externaltools.gnu-tools-for-stm32.13.3.rel1.win32_1.0.100.202509120712/tools/bin/../lib/gcc/arm-none-eabi/13.3.1/../../../../arm-none-eabi/lib/thumb/v7-m/nofp\libc_nano.a(libc_a-dtoa.o)
                0x0800fc78                _dtoa_r
 .text._free_r  0x08010820       0x90 D:/STM32CubeIDE_2.0.0/STM32CubeIDE/plugins/com.st.stm32cube.ide.mcu.externaltools.gnu-tools-for-stm32.13.3.rel1.win32_1.0.100.202509120712/tools/bin/../lib/gcc/arm-none-eabi/13.3.1/../../../../arm-none-eabi/lib/thumb/v7-m/nofp\libc_nano.a(libc_a-freer.o)
                0x08010820                _free_r
 .text._findenv_r
                0x080108b0       0x78 D:/STM32CubeIDE_2.0.0/STM32CubeIDE/plugins/com.st.stm32cube.ide.mcu.externaltools.gnu-tools-for-stm32.13.3.rel1.win32_1.0.100.202509120712/tools/bin/../lib/gcc/arm-none-eabi/13.3.1/../../../../arm-none-eabi/lib/thumb/v7-m/nofp\libc_nano.a(libc_a-getenv_r.o)
                0x080108b0                _findenv_r
 .text._getenv_r
                0x08010928        0xe D:/STM32CubeIDE_2.0.0/STM32CubeIDE/plugins/com.st.stm32cube.ide.mcu.externaltools.gnu-tools-for-stm32.13.3.rel1.win32_1.0.100.202509120712/tools/bin/../lib/gcc/arm-none-eabi/13.3.1/../../../../arm-none-eabi/lib/thumb/v7-m/nofp\libc_nano.a(libc_a-getenv_r.o)
                0x08010928                _getenv_r
 *fill*         0x08010936        0x2 
 .text.malloc   0x08010938       0x10 D:/STM32CubeIDE_2.0.0/STM32CubeIDE/plugins/com.st.stm32cube.ide.mcu.externaltools.gnu-tools-for-stm32.13.3.rel1.win32_1.0.100.202509120712/tools/bin/../lib/gcc/arm-none-eabi/13.3.1/../../../../arm-none-eabi/lib/thumb/v7-m/nofp\libc_nano.a(libc_a-malloc.o)
                0x08010938                malloc
 .text.free     0x08010948       0x10 D:/STM32CubeIDE_2.0.0/STM32CubeIDE/plugins/com.st.stm32cube.ide.mcu.externaltools.gnu-tools-for-stm32.13.3.rel1.win32_1.0.100.202509120712/tools/bin/../lib/gcc/arm-none-eabi/13.3.1/../../../../arm-none-eabi/lib/thumb/v7-m/nofp\libc_nano.a(libc_a-malloc.o)
                0x08010948                free
 .text.sbrk_aligned
                0x08010958       0x44 D:/STM32CubeIDE_2.0.0/STM32CubeIDE/plugins/com.st.stm32cube.ide.mcu.externaltools.gnu-tools-for-stm32.13.3.rel1.win32_1.0.100.202509120712/tools/bin/../lib/gcc/arm-none-eabi/13.3.1/../../../../arm-none-eabi/lib/thumb/v7-m/nofp\libc_nano.a(libc_a-mallocr.o)
 .text._malloc_r
                0x0801099c      0x100 D:/STM32CubeIDE_2.0.0/STM32CubeIDE/plugins/com.st.stm32cube.ide.mcu.externaltools.gnu-tools-for-stm32.13.3.rel1.win32_1.0.100.202509120712/tools/bin/../lib/gcc/arm-none-eabi/13.3.1/../../../../arm-none-eabi/lib/thumb/v7-m/nofp\libc_nano.a(libc_a-mallocr.o)
                0x0801099c                _malloc_r
 .text.__malloc_lock
                0x08010a9c        0xc D:/STM32CubeIDE_2.0.0/STM32CubeIDE/plugins/com.st.stm32cube.ide.mcu.externaltools.gnu-tools-for-stm32.13.3.rel1.win32_1.0.100.202509120712/tools/bin/../lib/gcc/arm-none-eabi/13.3.1/../../../../arm-none-eabi/lib/thumb/v7-m/nofp\libc_nano.a(libc_a-mlock.o)
                0x08010a9c                __malloc_lock
 .text.__malloc_unlock
                0x08010aa8        0xc D:/STM32CubeIDE_2.0.0/STM32CubeIDE/plugins/com.st.stm32cube.ide.mcu.externaltools.gnu-tools-for-stm32.13.3.rel1.win32_1.0.100.202509120712/tools/bin/../lib/gcc/arm-none-eabi/13.3.1/../../../../arm-none-eabi/lib/thumb/v7-m/nofp\libc_nano.a(libc_a-mlock.o)
                0x08010aa8                __malloc_unlock
 .text._Balloc  0x08010ab4       0x80 D:/STM32CubeIDE_2.0.0/STM32CubeIDE/plugins/com.st.stm32cube.ide.mcu.externaltools.gnu-tools-for-stm32.13.3.rel1.win32_1.0.100.202509120712/tools/bin/../lib/gcc/arm-none-eabi/13.3.1/../../../../arm-none-eabi/lib/thumb/v7-m/nofp\libc_nano.a(libc_a-mprec.o)
                0x08010ab4                _Balloc
 .text._Bfree   0x08010b34       0x44 D:/STM32CubeIDE_2.0.0/STM32CubeIDE/plugins/com.st.stm32cube.ide.mcu.externaltools.gnu-tools-for-stm32.13.3.rel1.win32_1.0.100.202509120712/tools/bin/../lib/gcc/arm-none-eabi/13.3.1/../../../../arm-none-eabi/lib/thumb/v7-m/nofp\libc_nano.a(libc_a-mprec.o)
                0x08010b34                _Bfree
 .text.__multadd
                0x08010b78       0x8c D:/STM32CubeIDE_2.0.0/STM32CubeIDE/plugins/com.st.stm32cube.ide.mcu.externaltools.gnu-tools-for-stm32.13.3.rel1.win32_1.0.100.202509120712/tools/bin/../lib/gcc/arm-none-eabi/13.3.1/../../../../arm-none-eabi/lib/thumb/v7-m/nofp\libc_nano.a(libc_a-mprec.o)
                0x08010b78                __multadd
 .text.__s2b    0x08010c04       0x94 D:/STM32CubeIDE_2.0.0/STM32CubeIDE/plugins/com.st.stm32cube.ide.mcu.externaltools.gnu-tools-for-stm32.13.3.rel1.win32_1.0.100.202509120712/tools/bin/../lib/gcc/arm-none-eabi/13.3.1/../../../../arm-none-eabi/lib/thumb/v7-m/nofp\libc_nano.a(libc_a-mprec.o)
                0x08010c04                __s2b
 .text.__hi0bits
                0x08010c98       0x3e D:/STM32CubeIDE_2.0.0/STM32CubeIDE/plugins/com.st.stm32cube.ide.mcu.externaltools.gnu-tools-for-stm32.13.3.rel1.win32_1.0.100.202509120712/tools/bin/../lib/gcc/arm-none-eabi/13.3.1/../../../../arm-none-eabi/lib/thumb/v7-m/nofp\libc_nano.a(libc_a-mprec.o)
                0x08010c98                __hi0bits
 .text.__lo0bits
                0x08010cd6       0x5a D:/STM32CubeIDE_2.0.0/STM32CubeIDE/plugins/com.st.stm32cube.ide.mcu.externaltools.gnu-tools-for-stm32.13.3.rel1.win32_1.0.100.202509120712/tools/bin/../lib/gcc/arm-none-eabi/13.3.1/../../../../arm-none-eabi/lib/thumb/v7-m/nofp\libc_nano.a(libc_a-mprec.o)
                0x08010cd6                __lo0bits
 .text.__i2b    0x08010d30       0x2c D:/STM32CubeIDE_2.0.0/STM32CubeIDE/plugins/com.st.stm32cube.ide.mcu.externaltools.gnu-tools-for-stm32.13.3.rel1.win32_1.0.100.202509120712/tools/bin/../lib/gcc/arm-none-eabi/13.3.1/../../../../arm-none-eabi/lib/thumb/v7-m/nofp\libc_nano.a(libc_a-mprec.o)
                0x08010d30                __i2b
 .text.__multiply
                0x08010d5c      0x144 D:/STM32CubeIDE_2.0.0/STM32CubeIDE/plugins/com.st.stm32cube.ide.mcu.externaltools.gnu-tools-for-stm32.13.3.rel1.win32_1.0.100.202509120712/tools/bin/../lib/gcc/arm-none-eabi/13.3.1/../../../../arm-none-eabi/lib/thumb/v7-m/nofp\libc_nano.a(libc_a-mprec.o)
                0x08010d5c                __multiply
 .text.__pow5mult
                0x08010ea0       0xb4 D:/STM32CubeIDE_2.0.0/STM32CubeIDE/plugins/com.st.stm32cube.ide.mcu.externaltools.gnu-tools-for-stm32.13.3.rel1.win32_1.0.100.202509120712/tools/bin/../lib/gcc/arm-none-eabi/13.3.1/../../../../arm-none-eabi/lib/thumb/v7-m/nofp\libc_nano.a(libc_a-mprec.o)
                0x08010ea0                __pow5mult
 .text.__lshift
                0x08010f54       0xd8 D:/STM32CubeIDE_2.0.0/STM32CubeIDE/plugins/com.st.stm32cube.ide.mcu.externaltools.gnu-tools-for-stm32.13.3.rel1.win32_1.0.100.202509120712/tools/bin/../lib/gcc/arm-none-eabi/13.3.1/../../../../arm-none-eabi/lib/thumb/v7-m/nofp\libc_nano.a(libc_a-mprec.o)
                0x08010f54                __lshift
 .text.__mcmp   0x0801102c       0x36 D:/STM32CubeIDE_2.0.0/STM32CubeIDE/plugins/com.st.stm32cube.ide.mcu.externaltools.gnu-tools-for-stm32.13.3.rel1.win32_1.0.100.202509120712/tools/bin/../lib/gcc/arm-none-eabi/13.3.1/../../../../arm-none-eabi/lib/thumb/v7-m/nofp\libc_nano.a(libc_a-mprec.o)
                0x0801102c                __mcmp
 *fill*         0x08011062        0x2 
 .text.__mdiff  0x08011064      0x128 D:/STM32CubeIDE_2.0.0/STM32CubeIDE/plugins/com.st.stm32cube.ide.mcu.externaltools.gnu-tools-for-stm32.13.3.rel1.win32_1.0.100.202509120712/tools/bin/../lib/gcc/arm-none-eabi/13.3.1/../../../../arm-none-eabi/lib/thumb/v7-m/nofp\libc_nano.a(libc_a-mprec.o)
                0x08011064                __mdiff