../hardware/source/OLED.c:4:6:WriteCmd	32	static
../hardware/source/OLED.c:9:6:WriteDat	32	static
../hardware/source/OLED.c:13:7:OLED_Init	8	static
../hardware/source/OLED.c:47:6:OLED_SetPos	16	static
../hardware/source/OLED.c:54:6:OLED_Fill	24	static
../hardware/source/OLED.c:70:6:OLED_CLS	8	static
../hardware/source/OLED.c:75:6:OLED_ON	8	static
../hardware/source/OLED.c:82:6:OLED_OFF	8	static
../hardware/source/OLED.c:91:6:OLED_ShowStr	24	static
../hardware/source/OLED.c:138:6:OLED_ShowCN	24	static
../hardware/source/OLED.c:162:6:OLED_ShowCN_STR	32	static
../hardware/source/OLED.c:170:6:OLED_DrawBMP	32	static
../hardware/source/OLED.c:189:6:OLED_ShowChar	32	static
../hardware/source/OLED.c:210:5:oled_pow	24	static
../hardware/source/OLED.c:222:6:OLED_ShowNum	24	static
