../Core/Src/freertos.c:221:5:Parse_Env_KeyValue	24	static
../Core/Src/freertos.c:270:12:Parse_UART_Cmd	24	static
../Core/Src/freertos.c:315:6:HAL_UART_RxCpltCallback	24	static
../Core/Src/freertos.c:355:6:updatea_env_value	4	static
../Core/Src/freertos.c:364:6:Refresh_OLED_Time	32	static
../Core/Src/freertos.c:372:6:Refresh_OLED_Temp	16	static
../Core/Src/freertos.c:382:5:Get_Max_Day	16	static
../Core/Src/freertos.c:399:6:ADC_Read_Raw	8	static
../Core/Src/freertos.c:422:7:ADC_Calculate_BatteryVoltage	16	static
../Core/Src/freertos.c:451:6:MX_FREERTOS_Init	8	static
../Core/Src/freertos.c:518:6:StartDefaultTask	272	static
../Core/Src/freertos.c:700:6:StartHomeButtonListen	16	static
../Core/Src/freertos.c:747:6:StartHomeButtonHandler	96	static
../Core/Src/freertos.c:891:6:StartlrbuttonListen	96	static
../Core/Src/freertos.c:1073:6:StartUartTestTask	240	static
../Core/Src/freertos.c:1199:6:StartOledshowTask	144	static
../Core/Src/freertos.c:1311:6:StartMPU6050Task	48	static
../Core/Src/freertos.c:1387:6:delay_ms	24	static
../Core/Src/freertos.c:1396:6:gameTask	112	static
